Component: ARM Compiler 5.06 update 5 (build 528) Tool: armlink [4d35e2]

==============================================================================

Section Cross References

    stm32f0xx_it.o(i.DMA1_Channel1_IRQHandler) refers to stm32f0xx_hal_dma.o(i.HAL_DMA_IRQHandler) for HAL_DMA_IRQHandler
    stm32f0xx_it.o(i.DMA1_Channel1_IRQHandler) refers to main.o(.bss) for hdma_adc
    stm32f0xx_it.o(i.EXTI4_15_IRQHandler) refers to stm32f0xx_hal_gpio.o(i.HAL_GPIO_EXTI_IRQHandler) for HAL_GPIO_EXTI_IRQHandler
    stm32f0xx_it.o(i.SysTick_Handler) refers to cmsis_os.o(i.osSystickHandler) for osSystickHandler
    stm32f0xx_it.o(i.TIM14_IRQHandler) refers to stm32f0xx_hal_tim.o(i.HAL_TIM_IRQHandler) for HAL_TIM_IRQHandler
    stm32f0xx_it.o(i.TIM14_IRQHandler) refers to main.o(.bss) for htim14
    stm32f0xx_it.o(i.TIM3_IRQHandler) refers to stm32f0xx_hal_tim.o(i.HAL_TIM_IRQHandler) for HAL_TIM_IRQHandler
    stm32f0xx_it.o(i.TIM3_IRQHandler) refers to main.o(.bss) for htim3
    stm32f0xx_it.o(i.TIM6_IRQHandler) refers to stm32f0xx_hal_tim.o(i.HAL_TIM_IRQHandler) for HAL_TIM_IRQHandler
    stm32f0xx_it.o(i.TIM6_IRQHandler) refers to stm32f0xx_hal_timebase_tim.o(.bss) for htim6
    stm32f0xx_it.o(i.USART1_IRQHandler) refers to stm32f0xx_hal_uart.o(i.HAL_UART_IRQHandler) for HAL_UART_IRQHandler
    stm32f0xx_it.o(i.USART1_IRQHandler) refers to main.o(.bss) for huart1
    stm32f0xx_it.o(i.USART2_IRQHandler) refers to stm32f0xx_hal_uart.o(i.HAL_UART_IRQHandler) for HAL_UART_IRQHandler
    stm32f0xx_it.o(i.USART2_IRQHandler) refers to main.o(.bss) for huart2
    main.o(i.HAL_TIM_PeriodElapsedCallback) refers to stm32f0xx_hal.o(i.HAL_IncTick) for HAL_IncTick
    main.o(i.HAL_TIM_PeriodElapsedCallback) refers to stm32f0xx_hal_iwdg.o(i.HAL_IWDG_Refresh) for HAL_IWDG_Refresh
    main.o(i.HAL_TIM_PeriodElapsedCallback) refers to main.o(.data) for .data
    main.o(i.HAL_TIM_PeriodElapsedCallback) refers to gpio.o(.data) for flag_delay900ms
    main.o(i.HAL_TIM_PeriodElapsedCallback) refers to gpio.o(.data) for flag_delay8s
    main.o(i.HAL_TIM_PeriodElapsedCallback) refers to gpio.o(.data) for flag_alarm
    main.o(i.HAL_TIM_PeriodElapsedCallback) refers to main.o(.bss) for .bss
    main.o(i.HAL_TIM_PeriodElapsedCallback) refers to exti.o(.data) for rotate_count
    main.o(i.HAL_TIM_PeriodElapsedCallback) refers to exti.o(.data) for diff_rotate
    main.o(i.HAL_TIM_PeriodElapsedCallback) refers to exti.o(.data) for diff_mileage
    main.o(i.HAL_TIM_PeriodElapsedCallback) refers to exti.o(.data) for diff_shake
    main.o(i.HAL_UART_RxCpltCallback) refers to stm32f0xx_hal_uart.o(i.HAL_UART_Receive_IT) for HAL_UART_Receive_IT
    main.o(i.HAL_UART_RxCpltCallback) refers to queen.o(i.PushElement) for PushElement
    main.o(i.HAL_UART_RxCpltCallback) refers to main.o(.data) for .data
    main.o(i.HAL_UART_RxCpltCallback) refers to iot_hub.o(.bss) for module_recv_buffer
    main.o(i.HAL_UART_RxCpltCallback) refers to iot_hub.o(.data) for module_recv_write_index
    main.o(i.HAL_UART_RxCpltCallback) refers to main.o(.bss) for .bss
    main.o(i.HAL_UART_RxCpltCallback) refers to queen.o(.data) for Uart2_buf
    main.o(i.HAL_UART_RxCpltCallback) refers to queen.o(.bss) for RxUart2_Queue
    main.o(i.MX_ADC_Init) refers to stm32f0xx_hal_adc.o(i.HAL_ADC_Init) for HAL_ADC_Init
    main.o(i.MX_ADC_Init) refers to stm32f0xx_hal_adc.o(i.HAL_ADC_ConfigChannel) for HAL_ADC_ConfigChannel
    main.o(i.MX_ADC_Init) refers to main.o(.bss) for .bss
    main.o(i.MX_GPIO_Init) refers to stm32f0xx_hal_gpio.o(i.HAL_GPIO_WritePin) for HAL_GPIO_WritePin
    main.o(i.MX_GPIO_Init) refers to stm32f0xx_hal_gpio.o(i.HAL_GPIO_Init) for HAL_GPIO_Init
    main.o(i.MX_GPIO_Init) refers to stm32f0xx_hal_cortex.o(i.HAL_NVIC_SetPriority) for HAL_NVIC_SetPriority
    main.o(i.MX_GPIO_Init) refers to stm32f0xx_hal_cortex.o(i.HAL_NVIC_EnableIRQ) for HAL_NVIC_EnableIRQ
    main.o(i.MX_I2C1_Init) refers to stm32f0xx_hal_i2c.o(i.HAL_I2C_Init) for HAL_I2C_Init
    main.o(i.MX_I2C1_Init) refers to stm32f0xx_hal_i2c_ex.o(i.HAL_I2CEx_ConfigAnalogFilter) for HAL_I2CEx_ConfigAnalogFilter
    main.o(i.MX_I2C1_Init) refers to stm32f0xx_hal_i2c_ex.o(i.HAL_I2CEx_ConfigDigitalFilter) for HAL_I2CEx_ConfigDigitalFilter
    main.o(i.MX_I2C1_Init) refers to main.o(.bss) for .bss
    main.o(i.MX_RTC_Init) refers to stm32f0xx_hal_rtc.o(i.HAL_RTC_Init) for HAL_RTC_Init
    main.o(i.MX_RTC_Init) refers to stm32f0xx_hal_rtc.o(i.HAL_RTC_SetTime) for HAL_RTC_SetTime
    main.o(i.MX_RTC_Init) refers to stm32f0xx_hal_rtc.o(i.HAL_RTC_SetDate) for HAL_RTC_SetDate
    main.o(i.MX_RTC_Init) refers to main.o(.bss) for .bss
    main.o(i.MX_TIM1_Init) refers to stm32f0xx_hal_tim.o(i.HAL_TIM_Base_Init) for HAL_TIM_Base_Init
    main.o(i.MX_TIM1_Init) refers to stm32f0xx_hal_tim.o(i.HAL_TIM_ConfigClockSource) for HAL_TIM_ConfigClockSource
    main.o(i.MX_TIM1_Init) refers to stm32f0xx_hal_tim_ex.o(i.HAL_TIMEx_MasterConfigSynchronization) for HAL_TIMEx_MasterConfigSynchronization
[...]
    at_connect_service                       0x08005009   Thumb Code    54  iot_hub.o(i.at_connect_service)
    at_parse_recv                            0x08005069   Thumb Code   106  iot_hub.o(i.at_parse_recv)
    at_process                               0x080050f9   Thumb Code   196  iot_hub.o(i.at_process)
    atof                                     0x0800523d   Thumb Code    42  atof.o(i.atof)
    battery_lock                             0x08005269   Thumb Code    68  gpio.o(i.battery_lock)
    bt_cmd_process                           0x080052b9   Thumb Code    46  iot_hub.o(i.bt_cmd_process)
    bt_giveback_package                      0x080052f1   Thumb Code    80  bt_app.o(i.bt_giveback_package)
    bt_init                                  0x08005349   Thumb Code   112  iot_hub.o(i.bt_init)
    bt_name_modify                           0x080053b9   Thumb Code    38  iot_hub.o(i.bt_name_modify)
    bt_parse_proc                            0x080053f5   Thumb Code   274  bt_app.o(i.bt_parse_proc)
    bt_prepare_send_data                     0x08005575   Thumb Code   120  bt_app.o(i.bt_prepare_send_data)
    bt_prepare_send_data_ext                 0x080055ed   Thumb Code   118  bt_app.o(i.bt_prepare_send_data_ext)
    bt_send                                  0x08005665   Thumb Code    86  bluetooth.o(i.bt_send)
    bt_send_data                             0x080056f9   Thumb Code     8  bt_app.o(i.bt_send_data)
    bt_unlock                                0x08005701   Thumb Code    34  bt_app.o(i.bt_unlock)
    calibration_time                         0x0800572d   Thumb Code   124  protocol.o(i.calibration_time)
    check_sharp_zhendong                     0x080057c9   Thumb Code    20  control_app.o(i.check_sharp_zhendong)
    check_zhendong                           0x080057e5   Thumb Code    16  control_app.o(i.check_zhendong)
    close_electric_door                      0x080057f9   Thumb Code    14  gpio.o(i.close_electric_door)
    cmpdata                                  0x0800580d   Thumb Code    30  iot_hub.o(i.cmpdata)
    control_proc                             0x0800582d   Thumb Code   362  control_interface.o(i.control_proc)
    convert_csq                              0x08005aad   Thumb Code    32  control_app.o(i.convert_csq)
    convert_gps_data_for_protocol            0x08005acd   Thumb Code   340  protocol.o(i.convert_gps_data_for_protocol)
    delay_us                                 0x08005c31   Thumb Code    26  voice.o(i.delay_us)
    fputc                                    0x08005c4d   Thumb Code    18  usart.o(i.fputc)
    free                                     0x08005c65   Thumb Code    80  malloc.o(i.free)
    gb_speed_process                         0x08005cb9   Thumb Code    44  control_app.o(i.gb_speed_process)
    getPerimeter                             0x08005cf1   Thumb Code    70  control_app.o(i.getPerimeter)
    get_bat_connect_status                   0x08005d69   Thumb Code    22  control_app.o(i.get_bat_connect_status)
    get_bat_vol                              0x08005d81   Thumb Code    74  adc.o(i.get_bat_vol)
    get_crc16                                0x08005de5   Thumb Code    40  protocol.o(i.get_crc16)
    get_double_number                        0x08005e15   Thumb Code    44  iot_hub.o(i.get_double_number)
    get_ebike_data                           0x08005e41   Thumb Code   604  control_app.o(i.get_ebike_data)
    get_electric_gate_status                 0x080060c5   Thumb Code     6  control_app.o(i.get_electric_gate_status)
    get_hall_for_speed                       0x080060d1   Thumb Code    52  control_app.o(i.get_hall_for_speed)
    get_imei                                 0x0800610d   Thumb Code    30  iot_hub.o(i.get_imei)
    get_imsi                                 0x08006145   Thumb Code     4  iot_hub.o(i.get_imsi)
    get_locate                               0x0800614d   Thumb Code    62  iot_hub.o(i.get_locate)
    get_uart_data                            0x08006191   Thumb Code    38  iot_hub.o(i.get_uart_data)
    get_work_state                           0x080061c1   Thumb Code    16  protocol.o(i.get_work_state)
    gprs_unlock                              0x080061d5   Thumb Code    34  control_app.o(i.gprs_unlock)
    gsm_led_process                          0x08006201   Thumb Code    92  gpio.o(i.gsm_led_process)
    hex_convert_str                          0x08006261   Thumb Code    76  protocol.o(i.hex_convert_str)
    hex_str_2_bytes                          0x080062ad   Thumb Code    98  protocol.o(i.hex_str_2_bytes)
    htoi                                     0x0800630f   Thumb Code    90  protocol.o(i.htoi)
    init_flash                               0x08006369   Thumb Code   230  control_app.o(i.init_flash)
    judge_change_bt_name                     0x08006479   Thumb Code    58  iot_hub.o(i.judge_change_bt_name)
    kfd_get_sn                               0x080064c9   Thumb Code    12  protocol.o(i.kfd_get_sn)
    kfd_lat_long_convert                     0x080064d9   Thumb Code    16  protocol.o(i.kfd_lat_long_convert)
    lock_bike                                0x080064ed   Thumb Code    76  control_app.o(i.lock_bike)
    main                                     0x08006541   Thumb Code   190  main.o(i.main)
    malloc                                   0x08006631   Thumb Code    92  malloc.o(i.malloc)
    miaoding                                 0x0800669d   Thumb Code    72  iot_hub.o(i.miaoding)
    modify_service_address                   0x080066e5   Thumb Code   308  control_interface.o(i.modify_service_address)
    module_init                              0x08006869   Thumb Code   162  iot_hub.o(i.module_init)
    motor_lock_bike                          0x0800693d   Thumb Code    98  gpio.o(i.motor_lock_bike)
    motorlock_process                        0x080069ad   Thumb Code    54  control_app.o(i.motorlock_process)
    mymemcpy                                 0x080069f1   Thumb Code    22  queen.o(i.mymemcpy)
    open_dianchi_lock                        0x08006a09   Thumb Code     8  control_app.o(i.open_dianchi_lock)
    open_electric_door                       0x08006a15   Thumb Code    14  gpio.o(i.open_electric_door)
    osDelay                                  0x08006a29   Thumb Code    22  cmsis_os.o(i.osDelay)
    osKernelStart                            0x08006a3f   Thumb Code    10  cmsis_os.o(i.osKernelStart)
    osSystickHandler                         0x08006a49   Thumb Code    16  cmsis_os.o(i.osSystickHandler)
    osThreadCreate                           0x08006a59   Thumb Code    46  cmsis_os.o(i.osThreadCreate)
    parse_another_cmd                        0x08006a89   Thumb Code   342  iot_hub.o(i.parse_another_cmd)
    parse_bt_addr_cmd                        0x08006cc1   Thumb Code    98  iot_hub.o(i.parse_bt_addr_cmd)
    parse_bt_at_cmd                          0x08006d65   Thumb Code   248  iot_hub.o(i.parse_bt_at_cmd)
    parse_bt_cmd                             0x08006f2d   Thumb Code   106  bt_app.o(i.parse_bt_cmd)
    parse_bt_name_cmd                        0x08006f99   Thumb Code    62  iot_hub.o(i.parse_bt_name_cmd)
    parse_bt_pkg                             0x08006ff9   Thumb Code    80  iot_hub.o(i.parse_bt_pkg)
    parse_cell_location_cmd                  0x08007069   Thumb Code    68  iot_hub.o(i.parse_cell_location_cmd)
    parse_control_cmd                        0x080070c5   Thumb Code   260  control_interface.o(i.parse_control_cmd)
    parse_csq_cmd                            0x08007241   Thumb Code    66  iot_hub.o(i.parse_csq_cmd)
    parse_dev_data                           0x080072a1   Thumb Code    26  protocol.o(i.parse_dev_data)
    parse_gnss_cmd                           0x080072bd   Thumb Code   686  iot_hub.o(i.parse_gnss_cmd)
    parse_gnss_pkg                           0x080075d9   Thumb Code    80  iot_hub.o(i.parse_gnss_pkg)
    parse_imei_cmd                           0x0800764d   Thumb Code    56  iot_hub.o(i.parse_imei_cmd)
    parse_imsi_cmd                           0x08007699   Thumb Code    56  iot_hub.o(i.parse_imsi_cmd)
    parse_imsi_package                       0x080076e5   Thumb Code    50  control_app.o(i.parse_imsi_package)
    parse_network_cmd                        0x08007735   Thumb Code   618  control_app.o(i.parse_network_cmd)
    parse_package_type                       0x08007a31   Thumb Code   124  iot_hub.o(i.parse_package_type)
    protocol_parse                           0x08007ab5   Thumb Code   166  protocol.o(i.protocol_parse)
    protocol_proc                            0x08007b71   Thumb Code   220  protocol.o(i.protocol_proc)
    pure_uart1_buf                           0x080083b1   Thumb Code    26  iot_hub.o(i.pure_uart1_buf)
    push_interval_package_process            0x080083e9   Thumb Code   278  protocol.o(i.push_interval_package_process)
    pvPortMalloc                             0x08008531   Thumb Code   172  heap_4.o(i.pvPortMalloc)
    pvTaskIncrementMutexHeldCount            0x080085e1   Thumb Code    20  tasks.o(i.pvTaskIncrementMutexHeldCount)
    pxPortInitialiseStack                    0x080085f9   Thumb Code    28  port.o(i.pxPortInitialiseStack)
    read_data                                0x08008619   Thumb Code   114  bt_app.o(i.read_data)
    read_flash                               0x080086bd   Thumb Code    30  flash.o(i.read_flash)
    reset_system                             0x080086e1   Thumb Code     8  gpio.o(i.reset_system)
    send_bt_rsp_cmd                          0x080086e9   Thumb Code    34  iot_hub.o(i.send_bt_rsp_cmd)
    send_data                                0x08008739   Thumb Code    94  iot_hub.o(i.send_data)
    send_error_cmd                           0x080087c5   Thumb Code    20  bt_app.o(i.send_error_cmd)
    send_gps_gga_cmd                         0x080087d9   Thumb Code    10  iot_hub.o(i.send_gps_gga_cmd)
    send_gps_rmc_cmd                         0x080087e3   Thumb Code    10  iot_hub.o(i.send_gps_rmc_cmd)
    send_ok_cmd                              0x080087ed   Thumb Code    18  bt_app.o(i.send_ok_cmd)
    send_package                             0x08008801   Thumb Code   214  protocol.o(i.send_package)
    shake_process                            0x080088f5   Thumb Code    60  control_app.o(i.shake_process)
    split_diff_type                          0x0800894d   Thumb Code   458  iot_hub.o(i.split_diff_type)
    str_convert_hex                          0x08008b4d   Thumb Code    50  protocol.o(i.str_convert_hex)
    tangze_lock_bike                         0x08008b81   Thumb Code    94  gpio.o(i.tangze_lock_bike)
    tangze_unlock_bike                       0x08008bed   Thumb Code    96  gpio.o(i.tangze_unlock_bike)
    test_a_led                               0x08008c59   Thumb Code    20  factory_test.o(i.test_a_led)
    test_adc                                 0x08008c75   Thumb Code    66  factory_test.o(i.test_adc)
    test_again_gps                           0x08008cd1   Thumb Code    72  factory_test.o(i.test_again_gps)
    test_b_led                               0x08008d3d   Thumb Code    20  factory_test.o(i.test_b_led)
    test_bat_led                             0x08008d59   Thumb Code    20  factory_test.o(i.test_bat_led)
    test_bt                                  0x08008d75   Thumb Code    36  factory_test.o(i.test_bt)
    test_cpin                                0x08008da1   Thumb Code    22  factory_test.o(i.test_cpin)
    test_dianji_led                          0x08008dbd   Thumb Code    22  factory_test.o(i.test_dianji_led)
    test_dianmen                             0x08008dd9   Thumb Code    44  factory_test.o(i.test_dianmen)
    test_gps                                 0x08008e15   Thumb Code    12  factory_test.o(i.test_gps)
    test_gsm                                 0x08008e21   Thumb Code    56  factory_test.o(i.test_gsm)
    test_hall                                0x08008e61   Thumb Code    10  factory_test.o(i.test_hall)
    test_init                                0x08008e75   Thumb Code    64  factory_test.o(i.test_init)
    test_key                                 0x08008ebd   Thumb Code    36  factory_test.o(i.test_key)
    test_off_a_led                           0x08008eed   Thumb Code    16  factory_test.o(i.test_off_a_led)
    test_off_b_led                           0x08008f01   Thumb Code    16  factory_test.o(i.test_off_b_led)
    test_off_bat_led                         0x08008f15   Thumb Code    16  factory_test.o(i.test_off_bat_led)
    test_off_dianji_led                      0x08008f29   Thumb Code    18  factory_test.o(i.test_off_dianji_led)
    test_off_dianmen                         0x08008f3d   Thumb Code    22  factory_test.o(i.test_off_dianmen)
    test_off_gsen                            0x08008f59   Thumb Code    64  factory_test.o(i.test_off_gsen)
    test_off_hall                            0x08008fb9   Thumb Code    68  factory_test.o(i.test_off_hall)
    test_off_lundong                         0x08009015   Thumb Code    66  factory_test.o(i.test_off_lundong)
    test_process                             0x08009075   Thumb Code   168  factory_test.o(i.test_process)
    test_voice                               0x0800913d   Thumb Code    16  factory_test.o(i.test_voice)
    uart1_send                               0x08009151   Thumb Code    42  usart.o(i.uart1_send)
    uart2_process                            0x08009191   Thumb Code    74  usart.o(i.uart2_process)
    uart2_send                               0x080091e9   Thumb Code    30  usart.o(i.uart2_send)
    upload_alarm_package                     0x0800920d   Thumb Code   314  protocol.o(i.upload_alarm_package)
    upload_bt_addr_package                   0x08009365   Thumb Code    56  protocol.o(i.upload_bt_addr_package)
    upload_ebike_data_package                0x080093bd   Thumb Code    36  protocol.o(i.upload_ebike_data_package)
    upload_give_back_package                 0x080093fd   Thumb Code   296  protocol.o(i.upload_give_back_package)
    upload_gps_package                       0x08009549   Thumb Code   336  protocol.o(i.upload_gps_package)
    upload_hb_package                        0x080096c5   Thumb Code    52  protocol.o(i.upload_hb_package)
    upload_imsi_package                      0x0800972d   Thumb Code    66  protocol.o(i.upload_imsi_package)
    upload_login_package                     0x08009791   Thumb Code    70  protocol.o(i.upload_login_package)
    upload_version_package                   0x080097f9   Thumb Code    48  protocol.o(i.upload_version_package)
    uxListRemove                             0x08009859   Thumb Code    36  list.o(i.uxListRemove)
    vApplicationIdleHook                     0x0800987d   Thumb Code     2  freertos.o(i.vApplicationIdleHook)
    vListInitialise                          0x0800987f   Thumb Code    22  list.o(i.vListInitialise)
    vListInitialiseItem                      0x08009895   Thumb Code     6  list.o(i.vListInitialiseItem)
    vListInsert                              0x0800989b   Thumb Code    48  list.o(i.vListInsert)
    vListInsertEnd                           0x080098cb   Thumb Code    24  list.o(i.vListInsertEnd)
    vPortEnterCritical                       0x080098e5   Thumb Code    20  port.o(i.vPortEnterCritical)
    vPortExitCritical                        0x080098fd   Thumb Code    22  port.o(i.vPortExitCritical)
    vPortFree                                0x08009919   Thumb Code    62  heap_4.o(i.vPortFree)
    vPortSetupTimerInterrupt                 0x0800995d   Thumb Code    24  port.o(i.vPortSetupTimerInterrupt)
    vPortYield                               0x0800997d   Thumb Code    18  port.o(i.vPortYield)
    vQueueAddToRegistry                      0x08009995   Thumb Code    32  queue.o(i.vQueueAddToRegistry)
    vQueueWaitForMessageRestricted           0x080099b9   Thumb Code    68  queue.o(i.vQueueWaitForMessageRestricted)
    vTaskDelay                               0x080099fd   Thumb Code    44  tasks.o(i.vTaskDelay)
    vTaskMissedYield                         0x08009a2d   Thumb Code     8  tasks.o(i.vTaskMissedYield)
    vTaskPlaceOnEventList                    0x08009a39   Thumb Code    32  tasks.o(i.vTaskPlaceOnEventList)
    vTaskPlaceOnEventListRestricted          0x08009a5d   Thumb Code    42  tasks.o(i.vTaskPlaceOnEventListRestricted)
    vTaskPriorityInherit                     0x08009a8d   Thumb Code    92  tasks.o(i.vTaskPriorityInherit)
    vTaskSetTimeOutState                     0x08009af1   Thumb Code    20  tasks.o(i.vTaskSetTimeOutState)
    vTaskStartScheduler                      0x08009b09   Thumb Code    66  tasks.o(i.vTaskStartScheduler)
    vTaskSuspendAll                          0x08009b5d   Thumb Code    10  tasks.o(i.vTaskSuspendAll)
    vTaskSwitchContext                       0x08009b6d   Thumb Code    78  tasks.o(i.vTaskSwitchContext)
    voice_play                               0x08009bc5   Thumb Code     8  voice.o(i.voice_play)
    voice_process                            0x08009bd1   Thumb Code   136  voice.o(i.voice_process)
    write_flash                              0x08009c71   Thumb Code   332  flash.o(i.write_flash)
    xPortStartScheduler                      0x08009dc5   Thumb Code    40  port.o(i.xPortStartScheduler)
    xPortSysTickHandler                      0x08009df5   Thumb Code    32  port.o(i.xPortSysTickHandler)
    xQueueGenericCreate                      0x08009e19   Thumb Code    62  queue.o(i.xQueueGenericCreate)
    xQueueGenericReceive                     0x08009e57   Thumb Code   314  queue.o(i.xQueueGenericReceive)
    xQueueGenericReset                       0x08009f91   Thumb Code   110  queue.o(i.xQueueGenericReset)
    xQueueGenericSend                        0x08009fff   Thumb Code   286  queue.o(i.xQueueGenericSend)
    xQueueGenericSendFromISR                 0x0800a11d   Thumb Code   140  queue.o(i.xQueueGenericSendFromISR)
    xTaskCheckForTimeOut                     0x0800a1a9   Thumb Code    80  tasks.o(i.xTaskCheckForTimeOut)
    xTaskCreate                              0x0800a1fd   Thumb Code    78  tasks.o(i.xTaskCreate)
    xTaskGetSchedulerState                   0x0800a24d   Thumb Code    26  tasks.o(i.xTaskGetSchedulerState)
    xTaskGetTickCount                        0x0800a26d   Thumb Code     6  tasks.o(i.xTaskGetTickCount)
    xTaskIncrementTick                       0x0800a279   Thumb Code   180  tasks.o(i.xTaskIncrementTick)
    xTaskPriorityDisinherit                  0x0800a335   Thumb Code    92  tasks.o(i.xTaskPriorityDisinherit)
    xTaskRemoveFromEventList                 0x0800a399   Thumb Code    90  tasks.o(i.xTaskRemoveFromEventList)
    xTaskResumeAll                           0x0800a3fd   Thumb Code   162  tasks.o(i.xTaskResumeAll)
    xTimerCreateTimerTask                    0x0800a4a9   Thumb Code    46  timers.o(i.xTimerCreateTimerTask)
    xTimerGenericCommand                     0x0800a4e9   Thumb Code    76  timers.o(i.xTimerGenericCommand)
    zt_controller_send                       0x0800a539   Thumb Code    80  control_interface.o(i.zt_controller_send)
    zt_smart_check_gb_speed                  0x0800a5c5   Thumb Code    30  control_app.o(i.zt_smart_check_gb_speed)
    zt_smart_check_hall_is_run               0x0800a5e9   Thumb Code    16  control_app.o(i.zt_smart_check_hall_is_run)
    zt_smart_check_lundong_is_run            0x0800a5fd   Thumb Code    16  control_app.o(i.zt_smart_check_lundong_is_run)
    zt_test_result                           0x0800a611   Thumb Code   156  factory_test.o(i.zt_test_result)
    AHBPrescTable                            0x0800a790   Data          16  system_stm32f0xx.o(.constdata)
    APBPrescTable                            0x0800a7a0   Data           8  system_stm32f0xx.o(.constdata)
    __ctype_table                            0x0800a7b4   Data         129  ctype_o.o(.constdata)
    Region$$Table$$Base                      0x0800a93c   Number         0  anon$$obj.o(Region$$Table)
    Region$$Table$$Limit                     0x0800a95c   Number         0  anon$$obj.o(Region$$Table)
    usart1_recbuf                            0x20000000   Data           1  main.o(.data)
    usart2_recbuf                            0x20000001   Data           1  main.o(.data)
    tim3_delay3s                             0x20000002   Data           1  main.o(.data)
    flag_delay3s                             0x20000003   Data           1  main.o(.data)
    flag_delay1s                             0x20000004   Data           1  main.o(.data)
    first_pwr                                0x20000005   Data           1  main.o(.data)
    tim14_delay900ms                         0x20000006   Data           2  main.o(.data)
    tim14_delay500ms                         0x20000008   Data           2  main.o(.data)
    tim14_delay10ms                          0x2000000a   Data           2  main.o(.data)
    tim14_delay4s                            0x2000000c   Data           2  main.o(.data)
    tim14_delay8s                            0x2000000e   Data           2  main.o(.data)
    defaultTaskHandle                        0x20000010   Data           4  main.o(.data)
    myTask02Handle                           0x20000014   Data           4  main.o(.data)
    rotate_bak                               0x20000018   Data           8  main.o(.data)
    mileage_bak                              0x20000020   Data           8  main.o(.data)
    shake_bak                                0x20000028   Data           8  main.o(.data)
    pxCurrentTCB                             0x20000030   Data           4  tasks.o(.data)
    uwTick                                   0x2000009c   Data           4  stm32f0xx_hal.o(.data)
    usart2_recv_buffer_index                 0x200000a0   Data           2  usart.o(.data)
    flag_lock                                0x200000a2   Data           1  gpio.o(.data)
    flag_startlock                           0x200000a3   Data           1  gpio.o(.data)
    flag_startunlock                         0x200000a4   Data           1  gpio.o(.data)
    f_start_batlock                          0x200000a5   Data           1  gpio.o(.data)
    f_start_motorlock                        0x200000a6   Data           1  gpio.o(.data)
    flag_tangze_unlock                       0x200000a7   Data           1  gpio.o(.data)
    flag_tangze_lock                         0x200000a8   Data           1  gpio.o(.data)
    flag_battery_lock                        0x200000a9   Data           1  gpio.o(.data)
    gsm_led_flag                             0x200000aa   Data           1  gpio.o(.data)
    gsm_led_count                            0x200000ab   Data           1  gpio.o(.data)
    gsm_led_on_off                           0x200000ac   Data           1  gpio.o(.data)
    flag_delay_lock                          0x200000ad   Data           1  gpio.o(.data)
    flag_delay_unlock                        0x200000ae   Data           1  gpio.o(.data)
    flag_batlock                             0x200000af   Data           1  gpio.o(.data)
    flag_motorlock                           0x200000b0   Data           1  gpio.o(.data)
    flag_motorlock2                          0x200000b1   Data           1  gpio.o(.data)
    flag_delay500ms                          0x200000b2   Data           1  gpio.o(.data)
    flag_delay900ms                          0x200000b3   Data           1  gpio.o(.data)
    flag_delay10ms                           0x200000b4   Data           1  gpio.o(.data)
    flag_delay4s                             0x200000b5   Data           1  gpio.o(.data)
    f_motorlock                              0x200000b6   Data           1  gpio.o(.data)
    flag_alarm                               0x200000b7   Data           1  gpio.o(.data)
    flag_delay8s                             0x200000b8   Data           1  gpio.o(.data)
    rotate_count                             0x200000bc   Data           4  exti.o(.data)
    mileage_count                            0x200000c0   Data           4  exti.o(.data)
    shake_count                              0x200000c4   Data           4  exti.o(.data)
    diff_rotate                              0x200000c8   Data           4  exti.o(.data)
    diff_mileage                             0x200000cc   Data           4  exti.o(.data)
    diff_shake                               0x200000d0   Data           4  exti.o(.data)
    voice_times                              0x200000d4   Data           1  voice.o(.data)
    voice_pluse                              0x200000d5   Data           1  voice.o(.data)
    sEEDataNum                               0x200000d8   Data           2  flash.o(.data)
    sEETimeout                               0x200000dc   Data           4  flash.o(.data)
    Uart2_buf                                0x200000e0   Data           1  queen.o(.data)
    bt_rsp_flag                              0x200000e4   Data           1  iot_hub.o(.data)
    bt_cmd_flag                              0x200000e5   Data           1  iot_hub.o(.data)
    bt_cmd_len                               0x200000e6   Data           1  iot_hub.o(.data)
    module_recv_write_index                  0x200000e8   Data           2  iot_hub.o(.data)
    recv_read_start_index                    0x200000ea   Data           2  iot_hub.o(.data)
    recv_read_end_index                      0x200000ec   Data           2  iot_hub.o(.data)
    gprs_size                                0x200000ee   Data           2  iot_hub.o(.data)
    send_len                                 0x200000f2   Data           2  iot_hub.o(.data)
    connect_times                            0x200000f4   Data           2  iot_hub.o(.data)
    bt_conn                                  0x200000f8   Data           8  iot_hub.o(.data)
    at_pack                                  0x20000100   Data        4704  iot_hub.o(.data)
    g_hb_send_times                          0x20001360   Data           1  protocol.o(.data)
    net_work_state                           0x20001361   Data           1  protocol.o(.data)
    kfd_sn                                   0x20001366   Data           2  protocol.o(.data)
    last_mileage                             0x2000156c   Data           4  control_app.o(.data)
    controller                               0x20001570   Data          32  control_interface.o(.data)
    g_test_index                             0x20001590   Data           1  factory_test.o(.data)
    g_key_state                              0x20001591   Data           1  factory_test.o(.data)
    g_hall                                   0x20001594   Data           4  factory_test.o(.data)
    g_lundong                                0x20001598   Data           4  factory_test.o(.data)
    g_shake                                  0x2000159c   Data           4  factory_test.o(.data)
    g_test_table                             0x200015a0   Data         612  factory_test.o(.data)
    SystemCoreClock                          0x20001804   Data           4  system_stm32f0xx.o(.data)
    __stdout                                 0x20001808   Data           4  stdout.o(.data)
    __microlib_freelist                      0x2000180c   Data           4  mvars.o(.data)
    __microlib_freelist_initialised          0x20001810   Data           4  mvars.o(.data)
    hadc                                     0x20001818   Data          76  main.o(.bss)
    hi2c1                                    0x20001864   Data          76  main.o(.bss)
    hiwdg                                    0x200018b0   Data          16  main.o(.bss)
    hrtc                                     0x200018c0   Data          32  main.o(.bss)
    htim1                                    0x200018e0   Data          64  main.o(.bss)
    htim3                                    0x20001920   Data          64  main.o(.bss)
    htim14                                   0x20001960   Data          64  main.o(.bss)
    huart1                                   0x200019a0   Data         112  main.o(.bss)
    huart2                                   0x20001a10   Data         112  main.o(.bss)
    adc_val                                  0x20001a80   Data         256  main.o(.bss)
    hdma_adc                                 0x20001b80   Data          68  main.o(.bss)
    htim6                                    0x20001bc4   Data          64  stm32f0xx_hal_timebase_tim.o(.bss)
    xQueueRegistry                           0x2000578c   Data          64  queue.o(.bss)
    usart2_recv_buffer                       0x200057f4   Data         120  usart.o(.bss)
    RxUart2_Queue                            0x2000586c   Data         216  queen.o(.bss)
    at_send_Queue                            0x20005944   Data         216  queen.o(.bss)
    module_recv_buffer                       0x20005a20   Data         512  iot_hub.o(.bss)
    send_buffer                              0x20005c20   Data         256  iot_hub.o(.bss)
    gnss_buf                                 0x20005d20   Data         512  iot_hub.o(.bss)
    bt_buf                                   0x20005f20   Data         512  iot_hub.o(.bss)
    gprs_buf                                 0x20006120   Data         512  iot_hub.o(.bss)
    another_buf                              0x20006320   Data         512  iot_hub.o(.bss)
    gps_info                                 0x20006520   Data         168  iot_hub.o(.bss)
    dev_info                                 0x200065c8   Data          57  iot_hub.o(.bss)
    bt_cmd_data                              0x20006601   Data          20  iot_hub.o(.bss)
    cell_loc                                 0x20006615   Data          22  iot_hub.o(.bss)
    g_config                                 0x20006640   Data          25  protocol.o(.bss)
    g_flash                                  0x2000665c   Data          72  control_app.o(.bss)
    curr_bat                                 0x200066a4   Data          16  control_interface.o(.bss)
    __heap_base                              0x200066b8   Data           0  startup_stm32f030xc.o(HEAP)
    __heap_limit                             0x200068b8   Data           0  startup_stm32f030xc.o(HEAP)
    __initial_sp                             0x20006cb8   Data           0  startup_stm32f030xc.o(STACK)



==============================================================================

Memory Map of the image

  Image Entry point : 0x080000b9

  Load Region LR_IROM1 (Base: 0x08000000, Size: 0x0000c174, Max: 0x00040000, ABSOLUTE, COMPRESSED[0x0000af5c])

    Execution Region ER_IROM1 (Exec base: 0x08000000, Load base: 0x08000000, Size: 0x0000a95c, Max: 0x00040000, ABSOLUTE)

    Exec Addr    Load Addr    Size         Type   Attr      Idx    E Section Name        Object

    0x08000000   0x08000000   0x000000b8   Data   RO          543    RESET               startup_stm32f030xc.o
    0x080000b8   0x080000b8   0x00000000   Code   RO         6172  * .ARM.Collect$$$$00000000  mc_p.l(entry.o)
    0x080000b8   0x080000b8   0x00000004   Code   RO         6529    .ARM.Collect$$$$00000001  mc_p.l(entry2.o)
    0x080000bc   0x080000bc   0x00000004   Code   RO         6532    .ARM.Collect$$$$00000004  mc_p.l(entry5.o)
    0x080000c0   0x080000c0   0x00000000   Code   RO         6534    .ARM.Collect$$$$00000008  mc_p.l(entry7b.o)
    0x080000c0   0x080000c0   0x00000000   Code   RO         6536    .ARM.Collect$$$$0000000A  mc_p.l(entry8b.o)
    0x080000c0   0x080000c0   0x00000008   Code   RO         6537    .ARM.Collect$$$$0000000B  mc_p.l(entry9a.o)
    0x080000c8   0x080000c8   0x00000000   Code   RO         6539    .ARM.Collect$$$$0000000D  mc_p.l(entry10a.o)
    0x080000c8   0x080000c8   0x00000000   Code   RO         6541    .ARM.Collect$$$$0000000F  mc_p.l(entry11a.o)
    0x080000c8   0x080000c8   0x00000004   Code   RO         6530    .ARM.Collect$$$$00002712  mc_p.l(entry2.o)
    0x080000cc   0x080000cc   0x00000078   Code   RO          971    .emb_text           port.o
    0x08000144   0x08000144   0x0000001c   Code   RO          544    .text               startup_stm32f030xc.o
    0x08000160   0x08000160   0x0000002c   Code   RO         6175    .text               mc_p.l(uidiv.o)
    0x0800018c   0x0800018c   0x00000028   Code   RO         6177    .text               mc_p.l(idiv.o)
    0x080001b4   0x080001b4   0x00000022   Code   RO         6179    .text               mc_p.l(llushr.o)
    0x080001d6   0x080001d6   0x0000000c   Code   RO         6181    .text               mc_p.l(tolower.o)
    0x080001e2   0x080001e2   0x00000002   PAD
    0x080001e4   0x080001e4   0x0000008c   Code   RO         6183    .text               mc_p.l(mktime.o)
    0x08000270   0x08000270   0x00000024   Code   RO         6186    .text               mc_p.l(memcpya.o)
    0x08000294   0x08000294   0x00000024   Code   RO         6188    .text               mc_p.l(memseta.o)
    0x080002b8   0x080002b8   0x00000018   Code   RO         6190    .text               mc_p.l(strcat.o)
    0x080002d0   0x080002d0   0x00000028   Code   RO         6192    .text               mc_p.l(strstr.o)
    0x080002f8   0x080002f8   0x0000001a   Code   RO         6194    .text               mc_p.l(strncpy.o)
    0x08000312   0x08000312   0x0000000e   Code   RO         6196    .text               mc_p.l(strlen.o)
    0x08000320   0x08000320   0x0000001c   Code   RO         6198    .text               mc_p.l(strcmp.o)
    0x0800033c   0x0800033c   0x00000012   Code   RO         6200    .text               mc_p.l(strcpy.o)
    0x0800034e   0x0800034e   0x00000014   Code   RO         6493    .text               mc_p.l(uread4.o)
    0x08000362   0x08000362   0x00000012   Code   RO         6495    .text               mc_p.l(uwrite4.o)
    0x08000374   0x08000374   0x00000070   Code   RO         6497    .text               mc_p.l(strtol.o)
    0x080003e4   0x080003e4   0x0000001a   Code   RO         6499    .text               mc_p.l(atoi.o)
    0x080003fe   0x080003fe   0x0000007a   Code   RO         6501    .text               mf_p.l(fmul.o)
    0x08000478   0x08000478   0x00000164   Code   RO         6503    .text               mf_p.l(dadd.o)
    0x080005dc   0x080005dc   0x000000d0   Code   RO         6505    .text               mf_p.l(dmul.o)
    0x080006ac   0x080006ac   0x000000f0   Code   RO         6507    .text               mf_p.l(ddiv.o)
    0x0800079c   0x0800079c   0x0000002c   Code   RO         6509    .text               mf_p.l(dscalb.o)
    0x080007c8   0x080007c8   0x0000000e   Code   RO         6511    .text               mf_p.l(ffltui.o)
    0x080007d6   0x080007d6   0x00000002   PAD
    0x080007d8   0x080007d8   0x00000028   Code   RO         6513    .text               mf_p.l(dflti.o)
    0x08000800   0x08000800   0x0000001c   Code   RO         6515    .text               mf_p.l(dfltui.o)
    0x0800081c   0x0800081c   0x00000028   Code   RO         6517    .text               mf_p.l(ffixui.o)
    0x08000844   0x08000844   0x00000048   Code   RO         6519    .text               mf_p.l(dfixi.o)
    0x0800088c   0x0800088c   0x0000003c   Code   RO         6521    .text               mf_p.l(dfixui.o)
    0x080008c8   0x080008c8   0x00000028   Code   RO         6523    .text               mf_p.l(f2d.o)
    0x080008f0   0x080008f0   0x00000028   Code   RO         6525    .text               mf_p.l(cdcmple.o)
    0x08000918   0x08000918   0x00000038   Code   RO         6527    .text               mf_p.l(d2f.o)
    0x08000950   0x08000950   0x00000060   Code   RO         6544    .text               mc_p.l(uldiv.o)
    0x080009b0   0x080009b0   0x00000020   Code   RO         6546    .text               mc_p.l(llshl.o)
    0x080009d0   0x080009d0   0x00000026   Code   RO         6548    .text               mc_p.l(llsshr.o)
    0x080009f6   0x080009f6   0x00000002   PAD
    0x080009f8   0x080009f8   0x00000008   Code   RO         6550    .text               mc_p.l(ctype_o.o)
    0x08000a00   0x08000a00   0x00000012   Code   RO         6572    .text               mc_p.l(isspace_o.o)
    0x08000a12   0x08000a12   0x00000002   PAD
    0x08000a14   0x08000a14   0x00000074   Code   RO         6581    .text               mc_p.l(localtime_i.o)
    0x08000a88   0x08000a88   0x000000a6   Code   RO         6593    .text               mc_p.l(_strtoul.o)
    0x08000b2e   0x08000b2e   0x00000002   PAD
    0x08000b30   0x08000b30   0x000000a4   Code   RO         6595    .text               mc_p.l(strtod.o)
    0x08000bd4   0x08000bd4   0x00000000   Code   RO         6597    .text               mc_p.l(iusefp.o)
    0x08000bd4   0x08000bd4   0x00000082   Code   RO         6598    .text               mf_p.l(fepilogue.o)
    0x08000c56   0x08000c56   0x000000be   Code   RO         6600    .text               mf_p.l(depilogue.o)
    0x08000d14   0x08000d14   0x00000040   Code   RO         6604    .text               mf_p.l(dfixul.o)
    0x08000d54   0x08000d54   0x00000028   Code   RO         6606    .text               mf_p.l(cdrcmple.o)
    0x08000d7c   0x08000d7c   0x00000024   Code   RO         6608    .text               mc_p.l(init.o)
    0x08000da0   0x08000da0   0x0000001e   Code   RO         6612    .text               mc_p.l(_chval.o)
    0x08000dbe   0x08000dbe   0x00000002   PAD
    0x08000dc0   0x08000dc0   0x00000374   Code   RO         6614    .text               mc_p.l(scanf_fp.o)
    0x08001134   0x08001134   0x00000044   Code   RO         6618    .text               mc_p.l(_sgetc.o)
    0x08001178   0x08001178   0x0000007a   Code   RO         6620    .text               mc_p.l(llmul.o)
    0x080011f2   0x080011f2   0x00000002   PAD
    0x080011f4   0x080011f4   0x0000001c   Code   RO         6625    .text               mf_p.l(dfltul.o)
    0x08001210   0x08001210   0x00000056   Code   RO         6635    .text               mc_p.l(__dczerorl2.o)
    0x08001266   0x08001266   0x0000006c   Code   RO         2197    i.ADC_DMAConvCplt   stm32f0xx_hal_adc.o
    0x080012d2   0x080012d2   0x0000001a   Code   RO         2198    i.ADC_DMAError      stm32f0xx_hal_adc.o
    0x080012ec   0x080012ec   0x0000000a   Code   RO         2199    i.ADC_DMAHalfConvCplt  stm32f0xx_hal_adc.o
    0x080012f6   0x080012f6   0x00000002   PAD
    0x080012f8   0x080012f8   0x00000084   Code   RO         2201    i.ADC_Enable        stm32f0xx_hal_adc.o
    0x0800137c   0x0800137c   0x0000005c   Code   RO         5083    i.AT_QGREFLOC_FUN   iot_hub.o
    0x080013d8   0x080013d8   0x00000010   Code   RO            3    i.DMA1_Channel1_IRQHandler  stm32f0xx_it.o
    0x080013e8   0x080013e8   0x00000024   Code   RO         4135    i.DMA_CalcBaseAndBitshift  stm32f0xx_hal_dma.o
    0x0800140c   0x0800140c   0x00000028   Code   RO         4136    i.DMA_SetConfig     stm32f0xx_hal_dma.o
    0x08001434   0x08001434   0x00000018   Code   RO            4    i.EXTI4_15_IRQHandler  stm32f0xx_it.o
    0x0800144c   0x0800144c   0x00000028   Code   RO         5084    i.GetATIndex        iot_hub.o
    0x08001474   0x08001474   0x0000002e   Code   RO         5085    i.GetComma          iot_hub.o
    0x080014a2   0x080014a2   0x00000002   PAD
    0x080014a4   0x080014a4   0x00000030   Code   RO         5086    i.GetLastSnr        iot_hub.o
    0x080014d4   0x080014d4   0x00000050   Code   RO         6050    i.GetTimeStamp      bt_app.o
    0x08001524   0x08001524   0x000000b0   Code   RO         2372    i.HAL_ADCEx_Calibration_Start  stm32f0xx_hal_adc_ex.o
    0x080015d4   0x080015d4   0x00000110   Code   RO         2203    i.HAL_ADC_ConfigChannel  stm32f0xx_hal_adc.o
    0x080016e4   0x080016e4   0x00000002   Code   RO         2204    i.HAL_ADC_ConvCpltCallback  stm32f0xx_hal_adc.o
    0x080016e6   0x080016e6   0x00000002   Code   RO         2205    i.HAL_ADC_ConvHalfCpltCallback  stm32f0xx_hal_adc.o
    0x080016e8   0x080016e8   0x00000002   Code   RO         2207    i.HAL_ADC_ErrorCallback  stm32f0xx_hal_adc.o
    0x080016ea   0x080016ea   0x00000002   PAD
    0x080016ec   0x080016ec   0x00000174   Code   RO         2212    i.HAL_ADC_Init      stm32f0xx_hal_adc.o
    0x08001860   0x08001860   0x000000a8   Code   RO          427    i.HAL_ADC_MspInit   stm32f0xx_hal_msp.o
    0x08001908   0x08001908   0x000000a0   Code   RO         2219    i.HAL_ADC_Start_DMA  stm32f0xx_hal_adc.o
    0x080019a8   0x080019a8   0x00000048   Code   RO         4138    i.HAL_DMA_Abort_IT  stm32f0xx_hal_dma.o
    0x080019f0   0x080019f0   0x0000009c   Code   RO         4142    i.HAL_DMA_IRQHandler  stm32f0xx_hal_dma.o
    0x08001a8c   0x08001a8c   0x00000058   Code   RO         4143    i.HAL_DMA_Init      stm32f0xx_hal_dma.o
    0x08001ae4   0x08001ae4   0x0000006a   Code   RO         4147    i.HAL_DMA_Start_IT  stm32f0xx_hal_dma.o
    0x08001b4e   0x08001b4e   0x0000001c   Code   RO         3062    i.HAL_Delay         stm32f0xx_hal.o
    0x08001b6a   0x08001b6a   0x00000002   PAD
    0x08001b6c   0x08001b6c   0x00000060   Code   RO         4882    i.HAL_GPIO_EXTI_Callback  exti.o
    0x08001bcc   0x08001bcc   0x00000018   Code   RO         1783    i.HAL_GPIO_EXTI_IRQHandler  stm32f0xx_hal_gpio.o
    0x08001be4   0x08001be4   0x00000148   Code   RO         1784    i.HAL_GPIO_Init     stm32f0xx_hal_gpio.o
    0x08001d2c   0x08001d2c   0x0000000a   Code   RO         1786    i.HAL_GPIO_ReadPin  stm32f0xx_hal_gpio.o
    0x08001d36   0x08001d36   0x0000000c   Code   RO         1788    i.HAL_GPIO_WritePin  stm32f0xx_hal_gpio.o
    0x08001d42   0x08001d42   0x00000002   PAD
    0x08001d44   0x08001d44   0x0000000c   Code   RO         3066    i.HAL_GetTick       stm32f0xx_hal.o
    0x08001d50   0x08001d50   0x0000004a   Code   RO         4231    i.HAL_I2CEx_ConfigAnalogFilter  stm32f0xx_hal_i2c_ex.o
    0x08001d9a   0x08001d9a   0x00000048   Code   RO         4232    i.HAL_I2CEx_ConfigDigitalFilter  stm32f0xx_hal_i2c_ex.o
    0x08001de2   0x08001de2   0x00000002   PAD
    0x08001de4   0x08001de4   0x000000b4   Code   RO         3722    i.HAL_I2C_Init      stm32f0xx_hal_i2c.o
    0x08001e98   0x08001e98   0x00000158   Code   RO         3738    i.HAL_I2C_Mem_Read  stm32f0xx_hal_i2c.o
    0x08001ff0   0x08001ff0   0x00000154   Code   RO         3741    i.HAL_I2C_Mem_Write  stm32f0xx_hal_i2c.o
    0x08002144   0x08002144   0x00000048   Code   RO          429    i.HAL_I2C_MspInit   stm32f0xx_hal_msp.o
    0x0800218c   0x0800218c   0x00000064   Code   RO         4698    i.HAL_IWDG_Init     stm32f0xx_hal_iwdg.o
    0x080021f0   0x080021f0   0x00000010   Code   RO         4699    i.HAL_IWDG_Refresh  stm32f0xx_hal_iwdg.o
    0x08002200   0x08002200   0x00000010   Code   RO         3070    i.HAL_IncTick       stm32f0xx_hal.o
    0x08002210   0x08002210   0x00000020   Code   RO         3071    i.HAL_Init          stm32f0xx_hal.o
    0x08002230   0x08002230   0x00000078   Code   RO          507    i.HAL_InitTick      stm32f0xx_hal_timebase_tim.o
    0x080022a8   0x080022a8   0x00000038   Code   RO          430    i.HAL_MspInit       stm32f0xx_hal_msp.o
    0x080022e0   0x080022e0   0x00000014   Code   RO         4271    i.HAL_NVIC_EnableIRQ  stm32f0xx_hal_cortex.o
    0x080022f4   0x080022f4   0x00000008   Code   RO         4275    i.HAL_NVIC_SetPriority  stm32f0xx_hal_cortex.o
    0x080022fc   0x080022fc   0x0000001c   Code   RO         4276    i.HAL_NVIC_SystemReset  stm32f0xx_hal_cortex.o
    0x08002318   0x08002318   0x000000ec   Code   RO         2166    i.HAL_RCCEx_PeriphCLKConfig  stm32f0xx_hal_rcc_ex.o
    0x08002404   0x08002404   0x0000012c   Code   RO         1690    i.HAL_RCC_ClockConfig  stm32f0xx_hal_rcc.o
    0x08002530   0x08002530   0x00000038   Code   RO         1694    i.HAL_RCC_GetClockConfig  stm32f0xx_hal_rcc.o
    0x08002568   0x08002568   0x0000000c   Code   RO         1695    i.HAL_RCC_GetHCLKFreq  stm32f0xx_hal_rcc.o
    0x08002574   0x08002574   0x00000020   Code   RO         1697    i.HAL_RCC_GetPCLK1Freq  stm32f0xx_hal_rcc.o
    0x08002594   0x08002594   0x00000070   Code   RO         1698    i.HAL_RCC_GetSysClockFreq  stm32f0xx_hal_rcc.o
    0x08002604   0x08002604   0x00000368   Code   RO         1701    i.HAL_RCC_OscConfig  stm32f0xx_hal_rcc.o
    0x0800296c   0x0800296c   0x00000044   Code   RO         4382    i.HAL_RTC_GetDate   stm32f0xx_hal_rtc.o
    0x080029b0   0x080029b0   0x0000005c   Code   RO         4384    i.HAL_RTC_GetTime   stm32f0xx_hal_rtc.o
    0x08002a0c   0x08002a0c   0x000000b4   Code   RO         4385    i.HAL_RTC_Init      stm32f0xx_hal_rtc.o
    0x08002ac0   0x08002ac0   0x00000020   Code   RO          432    i.HAL_RTC_MspInit   stm32f0xx_hal_msp.o
    0x08002ae0   0x08002ae0   0x000000c8   Code   RO         4391    i.HAL_RTC_SetDate   stm32f0xx_hal_rtc.o
    0x08002ba8   0x08002ba8   0x000000e4   Code   RO         4392    i.HAL_RTC_SetTime   stm32f0xx_hal_rtc.o
    0x08002c8c   0x08002c8c   0x00000034   Code   RO         4393    i.HAL_RTC_WaitForSynchro  stm32f0xx_hal_rtc.o
    0x08002cc0   0x08002cc0   0x00000018   Code   RO         4277    i.HAL_SYSTICK_CLKSourceConfig  stm32f0xx_hal_cortex.o
    0x08002cd8   0x08002cd8   0x00000030   Code   RO         4279    i.HAL_SYSTICK_Config  stm32f0xx_hal_cortex.o
    0x08002d08   0x08002d08   0x00000002   Code   RO         1929    i.HAL_TIMEx_BreakCallback  stm32f0xx_hal_tim_ex.o
    0x08002d0a   0x08002d0a   0x00000002   Code   RO         1930    i.HAL_TIMEx_CommutationCallback  stm32f0xx_hal_tim_ex.o
    0x08002d0c   0x08002d0c   0x00000048   Code   RO         1946    i.HAL_TIMEx_MasterConfigSynchronization  stm32f0xx_hal_tim_ex.o
    0x08002d54   0x08002d54   0x00000034   Code   RO         2394    i.HAL_TIM_Base_Init  stm32f0xx_hal_tim.o
    0x08002d88   0x08002d88   0x00000074   Code   RO          434    i.HAL_TIM_Base_MspInit  stm32f0xx_hal_msp.o
    0x08002dfc   0x08002dfc   0x00000016   Code   RO         2399    i.HAL_TIM_Base_Start_IT  stm32f0xx_hal_tim.o
    0x08002e12   0x08002e12   0x000000ec   Code   RO         2403    i.HAL_TIM_ConfigClockSource  stm32f0xx_hal_tim.o
    0x08002efe   0x08002efe   0x00000002   Code   RO         2425    i.HAL_TIM_IC_CaptureCallback  stm32f0xx_hal_tim.o
    0x08002f00   0x08002f00   0x00000162   Code   RO         2438    i.HAL_TIM_IRQHandler  stm32f0xx_hal_tim.o
    0x08003062   0x08003062   0x00000002   Code   RO         2441    i.HAL_TIM_OC_DelayElapsedCallback  stm32f0xx_hal_tim.o
    0x08003064   0x08003064   0x00000002   Code   RO         2468    i.HAL_TIM_PWM_PulseFinishedCallback  stm32f0xx_hal_tim.o
    0x08003066   0x08003066   0x00000002   PAD
    0x08003068   0x08003068   0x00000178   Code   RO          275    i.HAL_TIM_PeriodElapsedCallback  main.o
    0x080031e0   0x080031e0   0x00000002   Code   RO         2479    i.HAL_TIM_TriggerCallback  stm32f0xx_hal_tim.o
    0x080031e2   0x080031e2   0x00000002   Code   RO         3394    i.HAL_UART_ErrorCallback  stm32f0xx_hal_uart.o
    0x080031e4   0x080031e4   0x00000114   Code   RO         3397    i.HAL_UART_IRQHandler  stm32f0xx_hal_uart.o
    0x080032f8   0x080032f8   0x0000006c   Code   RO         3398    i.HAL_UART_Init     stm32f0xx_hal_uart.o
    0x08003364   0x08003364   0x000000d0   Code   RO          436    i.HAL_UART_MspInit  stm32f0xx_hal_msp.o
    0x08003434   0x08003434   0x00000098   Code   RO         3403    i.HAL_UART_Receive_IT  stm32f0xx_hal_uart.o
    0x080034cc   0x080034cc   0x00000080   Code   RO          276    i.HAL_UART_RxCpltCallback  main.o
    0x0800354c   0x0800354c   0x000000c8   Code   RO         3406    i.HAL_UART_Transmit  stm32f0xx_hal_uart.o
    0x08003614   0x08003614   0x00000002   Code   RO         3409    i.HAL_UART_TxCpltCallback  stm32f0xx_hal_uart.o
    0x08003616   0x08003616   0x00000002   Code   RO            5    i.HardFault_Handler  stm32f0xx_it.o
    0x08003618   0x08003618   0x00000022   Code   RO         3764    i.I2C_Flush_TXDR    stm32f0xx_hal_i2c.o
    0x0800363a   0x0800363a   0x00000002   PAD
    0x0800363c   0x0800363c   0x00000074   Code   RO         3772    i.I2C_IsAcknowledgeFailed  stm32f0xx_hal_i2c.o
    0x080036b0   0x080036b0   0x0000006a   Code   RO         3775    i.I2C_RequestMemoryRead  stm32f0xx_hal_i2c.o
    0x0800371a   0x0800371a   0x0000006a   Code   RO         3776    i.I2C_RequestMemoryWrite  stm32f0xx_hal_i2c.o
    0x08003784   0x08003784   0x00000024   Code   RO         3779    i.I2C_TransferConfig  stm32f0xx_hal_i2c.o
    0x080037a8   0x080037a8   0x00000048   Code   RO         3780    i.I2C_WaitOnFlagUntilTimeout  stm32f0xx_hal_i2c.o
    0x080037f0   0x080037f0   0x0000004e   Code   RO         3782    i.I2C_WaitOnSTOPFlagUntilTimeout  stm32f0xx_hal_i2c.o
    0x0800383e   0x0800383e   0x00000052   Code   RO         3783    i.I2C_WaitOnTXISFlagUntilTimeout  stm32f0xx_hal_i2c.o
    0x08003890   0x08003890   0x0000001a   Code   RO         5002    i.InitCircleQueue   queen.o
    0x080038aa   0x080038aa   0x00000010   Code   RO         5003    i.IsQueueEmpty      queen.o
    0x080038ba   0x080038ba   0x0000001e   Code   RO         5004    i.IsQueueFull       queen.o
    0x080038d8   0x080038d8   0x0000002c   Code   RO         5089    i.MODULE_RST        iot_hub.o
    0x08003904   0x08003904   0x0000005c   Code   RO          277    i.MX_ADC_Init       main.o
    0x08003960   0x08003960   0x00000100   Code   RO          278    i.MX_GPIO_Init      main.o
    0x08003a60   0x08003a60   0x00000054   Code   RO          279    i.MX_I2C1_Init      main.o
    0x08003ab4   0x08003ab4   0x00000070   Code   RO          280    i.MX_RTC_Init       main.o
    0x08003b24   0x08003b24   0x00000058   Code   RO          281    i.MX_TIM1_Init      main.o
    0x08003b7c   0x08003b7c   0x00000060   Code   RO          282    i.MX_TIM3_Init      main.o
    0x08003bdc   0x08003bdc   0x00000044   Code   RO          283    i.MX_USART1_UART_Init  main.o
    0x08003c20   0x08003c20   0x00000038   Code   RO          284    i.MX_USART2_UART_Init  main.o
    0x08003c58   0x08003c58   0x00000002   Code   RO            6    i.NMI_Handler       stm32f0xx_it.o
    0x08003c5a   0x08003c5a   0x00000002   PAD
    0x08003c5c   0x08003c5c   0x00000044   Code   RO         4281    i.NVIC_SetPriority  stm32f0xx_hal_cortex.o
    0x08003ca0   0x08003ca0   0x00000080   Code   RO         5499    i.PopATcmd          protocol.o
    0x08003d20   0x08003d20   0x00000040   Code   RO         5005    i.PopElement        queen.o
    0x08003d60   0x08003d60   0x00000066   Code   RO         5006    i.PushElement       queen.o
    0x08003dc6   0x08003dc6   0x00000002   PAD
    0x08003dc8   0x08003dc8   0x00000038   Code   RO         5090    i.QGEPOF1           iot_hub.o
    0x08003e00   0x08003e00   0x00000034   Code   RO         5091    i.QGEPOF2           iot_hub.o
    0x08003e34   0x08003e34   0x00000010   Code   RO         4394    i.RTC_Bcd2ToByte    stm32f0xx_hal_rtc.o
    0x08003e44   0x08003e44   0x00000016   Code   RO         4395    i.RTC_ByteToBcd2    stm32f0xx_hal_rtc.o
    0x08003e5a   0x08003e5a   0x00000038   Code   RO         4396    i.RTC_EnterInitMode  stm32f0xx_hal_rtc.o
    0x08003e92   0x08003e92   0x00000002   Code   RO          972    i.SVC_Handler       port.o
    0x08003e94   0x08003e94   0x000000a8   Code   RO         5092    i.Send_AT_Command   iot_hub.o
    0x08003f3c   0x08003f3c   0x00000020   Code   RO         5093    i.Send_AT_Command_Timeout  iot_hub.o
    0x08003f5c   0x08003f5c   0x0000004c   Code   RO         5094    i.Send_AT_Command_ext  iot_hub.o
    0x08003fa8   0x08003fa8   0x0000003c   Code   RO          285    i.StartDefaultTask  main.o
    0x08003fe4   0x08003fe4   0x0000008c   Code   RO          286    i.StartTask02       main.o
    0x08004070   0x08004070   0x00000008   Code   RO            7    i.SysTick_Handler   stm32f0xx_it.o
    0x08004078   0x08004078   0x0000008c   Code   RO          287    i.SystemClock_Config  main.o
    0x08004104   0x08004104   0x0000005c   Code   RO         6137    i.SystemInit        system_stm32f0xx.o
    0x08004160   0x08004160   0x00000010   Code   RO            8    i.TIM14_IRQHandler  stm32f0xx_it.o
    0x08004170   0x08004170   0x00000010   Code   RO            9    i.TIM3_IRQHandler   stm32f0xx_it.o
    0x08004180   0x08004180   0x00000010   Code   RO           10    i.TIM6_IRQHandler   stm32f0xx_it.o
    0x08004190   0x08004190   0x00000088   Code   RO         2480    i.TIM_Base_SetConfig  stm32f0xx_hal_tim.o
    0x08004218   0x08004218   0x00000016   Code   RO         2487    i.TIM_ETR_SetConfig  stm32f0xx_hal_tim.o
    0x0800422e   0x0800422e   0x00000010   Code   RO         2488    i.TIM_ITRx_SetConfig  stm32f0xx_hal_tim.o
    0x0800423e   0x0800423e   0x00000022   Code   RO         2494    i.TIM_TI1_ConfigInputStage  stm32f0xx_hal_tim.o
    0x08004260   0x08004260   0x00000026   Code   RO         2496    i.TIM_TI2_ConfigInputStage  stm32f0xx_hal_tim.o
    0x08004286   0x08004286   0x000000ca   Code   RO         3411    i.UART_AdvFeatureConfig  stm32f0xx_hal_uart.o
    0x08004350   0x08004350   0x00000012   Code   RO         3412    i.UART_CheckIdleState  stm32f0xx_hal_uart.o
    0x08004362   0x08004362   0x00000014   Code   RO         3413    i.UART_DMAAbortOnError  stm32f0xx_hal_uart.o
    0x08004376   0x08004376   0x0000001e   Code   RO         3423    i.UART_EndRxTransfer  stm32f0xx_hal_uart.o
    0x08004394   0x08004394   0x0000001a   Code   RO         3424    i.UART_EndTransmit_IT  stm32f0xx_hal_uart.o
    0x080043ae   0x080043ae   0x0000007c   Code   RO         3426    i.UART_Receive_IT   stm32f0xx_hal_uart.o
    0x0800442a   0x0800442a   0x00000002   PAD
    0x0800442c   0x0800442c   0x00000158   Code   RO         3427    i.UART_SetConfig    stm32f0xx_hal_uart.o
    0x08004584   0x08004584   0x00000066   Code   RO         3428    i.UART_Transmit_IT  stm32f0xx_hal_uart.o
    0x080045ea   0x080045ea   0x00000060   Code   RO         3429    i.UART_WaitOnFlagUntilTimeout  stm32f0xx_hal_uart.o
    0x0800464a   0x0800464a   0x00000002   PAD
    0x0800464c   0x0800464c   0x00000010   Code   RO           11    i.USART1_IRQHandler  stm32f0xx_it.o
    0x0800465c   0x0800465c   0x00000010   Code   RO           12    i.USART2_IRQHandler  stm32f0xx_it.o
    0x0800466c   0x0800466c   0x00000002   Code   RO          288    i._Error_Handler    main.o
    0x0800466e   0x0800466e   0x00000002   PAD
    0x08004670   0x08004670   0x00000020   Code   RO         6437    i.__0printf         mc_p.l(printfa.o)
    0x08004690   0x08004690   0x00000028   Code   RO         6439    i.__0sprintf        mc_p.l(printfa.o)
    0x080046b8   0x080046b8   0x0000002e   Code   RO         6602    i.__ARM_clz         mf_p.l(depilogue.o)
    0x080046e6   0x080046e6   0x0000001a   Code   RO          836    i.__ARM_common_switch8  tasks.o
    0x08004700   0x08004700   0x00000008   Code   RO         6586    i.__aeabi_errno_addr  mc_p.l(errno.o)
    0x08004708   0x08004708   0x0000000c   Code   RO         6587    i.__read_errno      mc_p.l(errno.o)
    0x08004714   0x08004714   0x0000000e   Code   RO         6629    i.__scatterload_copy  mc_p.l(handlers.o)
    0x08004722   0x08004722   0x00000002   Code   RO         6630    i.__scatterload_null  mc_p.l(handlers.o)
    0x08004724   0x08004724   0x0000000e   Code   RO         6631    i.__scatterload_zeroinit  mc_p.l(handlers.o)
    0x08004732   0x08004732   0x00000002   PAD
    0x08004734   0x08004734   0x0000000c   Code   RO         6588    i.__set_errno       mc_p.l(errno.o)
    0x08004740   0x08004740   0x00000174   Code   RO         6444    i._fp_digits        mc_p.l(printfa.o)
    0x080048b4   0x080048b4   0x0000000e   Code   RO         6616    i._is_digit         mc_p.l(scanf_fp.o)
    0x080048c2   0x080048c2   0x00000002   PAD
    0x080048c4   0x080048c4   0x000006ec   Code   RO         6445    i._printf_core      mc_p.l(printfa.o)
    0x08004fb0   0x08004fb0   0x00000020   Code   RO         6446    i._printf_post_padding  mc_p.l(printfa.o)
    0x08004fd0   0x08004fd0   0x0000002c   Code   RO         6447    i._printf_pre_padding  mc_p.l(printfa.o)
    0x08004ffc   0x08004ffc   0x0000000a   Code   RO         6449    i._sputc            mc_p.l(printfa.o)
    0x08005006   0x08005006   0x00000002   PAD
    0x08005008   0x08005008   0x00000060   Code   RO         5096    i.at_connect_service  iot_hub.o
    0x08005068   0x08005068   0x00000090   Code   RO         5097    i.at_parse_recv     iot_hub.o
    0x080050f8   0x080050f8   0x00000144   Code   RO         5098    i.at_process        iot_hub.o
    0x0800523c   0x0800523c   0x0000002a   Code   RO         6169    i.atof              m_ps.l(atof.o)
    0x08005266   0x08005266   0x00000002   PAD
    0x08005268   0x08005268   0x00000050   Code   RO         4773    i.battery_lock      gpio.o
    0x080052b8   0x080052b8   0x00000038   Code   RO         5099    i.bt_cmd_process    iot_hub.o
    0x080052f0   0x080052f0   0x00000058   Code   RO         6051    i.bt_giveback_package  bt_app.o
    0x08005348   0x08005348   0x00000070   Code   RO         5100    i.bt_init           iot_hub.o
    0x080053b8   0x080053b8   0x0000003c   Code   RO         5101    i.bt_name_modify    iot_hub.o
    0x080053f4   0x080053f4   0x00000180   Code   RO         6052    i.bt_parse_proc     bt_app.o
    0x08005574   0x08005574   0x00000078   Code   RO         6053    i.bt_prepare_send_data  bt_app.o
    0x080055ec   0x080055ec   0x00000076   Code   RO         6054    i.bt_prepare_send_data_ext  bt_app.o
    0x08005662   0x08005662   0x00000002   PAD
    0x08005664   0x08005664   0x00000094   Code   RO         4980    i.bt_send           bluetooth.o
    0x080056f8   0x080056f8   0x00000008   Code   RO         6055    i.bt_send_data      bt_app.o
    0x08005700   0x08005700   0x0000002c   Code   RO         6056    i.bt_unlock         bt_app.o
    0x0800572c   0x0800572c   0x0000009c   Code   RO         5500    i.calibration_time  protocol.o
    0x080057c8   0x080057c8   0x0000001c   Code   RO         5670    i.check_sharp_zhendong  control_app.o
    0x080057e4   0x080057e4   0x00000014   Code   RO         5671    i.check_zhendong    control_app.o
    0x080057f8   0x080057f8   0x00000014   Code   RO         4774    i.close_electric_door  gpio.o
    0x0800580c   0x0800580c   0x0000001e   Code   RO         5102    i.cmpdata           iot_hub.o
    0x0800582a   0x0800582a   0x00000002   PAD
    0x0800582c   0x0800582c   0x00000280   Code   RO         5812    i.control_proc      control_interface.o
    0x08005aac   0x08005aac   0x00000020   Code   RO         5672    i.convert_csq       control_app.o
    0x08005acc   0x08005acc   0x00000164   Code   RO         5501    i.convert_gps_data_for_protocol  protocol.o
    0x08005c30   0x08005c30   0x0000001a   Code   RO         4911    i.delay_us          voice.o
    0x08005c4a   0x08005c4a   0x00000002   PAD
    0x08005c4c   0x08005c4c   0x00000018   Code   RO         4724    i.fputc             usart.o
    0x08005c64   0x08005c64   0x00000054   Code   RO         6465    i.free              mc_p.l(malloc.o)
    0x08005cb8   0x08005cb8   0x00000038   Code   RO         5673    i.gb_speed_process  control_app.o
    0x08005cf0   0x08005cf0   0x00000078   Code   RO         5674    i.getPerimeter      control_app.o
    0x08005d68   0x08005d68   0x00000016   Code   RO         5675    i.get_bat_connect_status  control_app.o
    0x08005d7e   0x08005d7e   0x00000002   PAD
    0x08005d80   0x08005d80   0x00000064   Code   RO         4858    i.get_bat_vol       adc.o
    0x08005de4   0x08005de4   0x00000030   Code   RO         5502    i.get_crc16         protocol.o
    0x08005e14   0x08005e14   0x0000002c   Code   RO         5106    i.get_double_number  iot_hub.o
    0x08005e40   0x08005e40   0x00000284   Code   RO         5676    i.get_ebike_data    control_app.o
    0x080060c4   0x080060c4   0x0000000c   Code   RO         5677    i.get_electric_gate_status  control_app.o
    0x080060d0   0x080060d0   0x0000003c   Code   RO         5678    i.get_hall_for_speed  control_app.o
    0x0800610c   0x0800610c   0x00000038   Code   RO         5107    i.get_imei          iot_hub.o
    0x08006144   0x08006144   0x00000008   Code   RO         5108    i.get_imsi          iot_hub.o
    0x0800614c   0x0800614c   0x00000044   Code   RO         5109    i.get_locate        iot_hub.o
    0x08006190   0x08006190   0x00000030   Code   RO         5111    i.get_uart_data     iot_hub.o
    0x080061c0   0x080061c0   0x00000014   Code   RO         5503    i.get_work_state    protocol.o
    0x080061d4   0x080061d4   0x0000002c   Code   RO         5679    i.gprs_unlock       control_app.o
    0x08006200   0x08006200   0x00000060   Code   RO         4777    i.gsm_led_process   gpio.o
    0x08006260   0x08006260   0x0000004c   Code   RO         5504    i.hex_convert_str   protocol.o
    0x080062ac   0x080062ac   0x00000062   Code   RO         5505    i.hex_str_2_bytes   protocol.o
    0x0800630e   0x0800630e   0x0000005a   Code   RO         5506    i.htoi              protocol.o
    0x08006368   0x08006368   0x00000110   Code   RO         5680    i.init_flash        control_app.o
    0x08006478   0x08006478   0x00000050   Code   RO         5115    i.judge_change_bt_name  iot_hub.o
    0x080064c8   0x080064c8   0x00000010   Code   RO         5507    i.kfd_get_sn        protocol.o
    0x080064d8   0x080064d8   0x00000014   Code   RO         5508    i.kfd_lat_long_convert  protocol.o
    0x080064ec   0x080064ec   0x00000054   Code   RO         5682    i.lock_bike         control_app.o
    0x08006540   0x08006540   0x000000e4   Code   RO          289    i.main              main.o
    0x08006624   0x08006624   0x0000000c   Code   RO         1329    i.makeFreeRtosPriority  cmsis_os.o
    0x08006630   0x08006630   0x0000006c   Code   RO         6466    i.malloc            mc_p.l(malloc.o)
    0x0800669c   0x0800669c   0x00000048   Code   RO         5116    i.miaoding          iot_hub.o
    0x080066e4   0x080066e4   0x00000184   Code   RO         5815    i.modify_service_address  control_interface.o
    0x08006868   0x08006868   0x000000d4   Code   RO         5117    i.module_init       iot_hub.o
    0x0800693c   0x0800693c   0x00000070   Code   RO         4778    i.motor_lock_bike   gpio.o
    0x080069ac   0x080069ac   0x00000044   Code   RO         5683    i.motorlock_process  control_app.o
    0x080069f0   0x080069f0   0x00000016   Code   RO         5010    i.mymemcpy          queen.o
    0x08006a06   0x08006a06   0x00000002   PAD
    0x08006a08   0x08006a08   0x0000000c   Code   RO         5684    i.open_dianchi_lock  control_app.o
    0x08006a14   0x08006a14   0x00000014   Code   RO         4779    i.open_electric_door  gpio.o
    0x08006a28   0x08006a28   0x00000016   Code   RO         1331    i.osDelay           cmsis_os.o
    0x08006a3e   0x08006a3e   0x0000000a   Code   RO         1334    i.osKernelStart     cmsis_os.o
    0x08006a48   0x08006a48   0x00000010   Code   RO         1367    i.osSystickHandler  cmsis_os.o
    0x08006a58   0x08006a58   0x0000002e   Code   RO         1368    i.osThreadCreate    cmsis_os.o
    0x08006a86   0x08006a86   0x00000002   PAD
    0x08006a88   0x08006a88   0x00000238   Code   RO         5118    i.parse_another_cmd  iot_hub.o
    0x08006cc0   0x08006cc0   0x000000a4   Code   RO         5119    i.parse_bt_addr_cmd  iot_hub.o
    0x08006d64   0x08006d64   0x000001c8   Code   RO         5120    i.parse_bt_at_cmd   iot_hub.o
    0x08006f2c   0x08006f2c   0x0000006a   Code   RO         6058    i.parse_bt_cmd      bt_app.o
    0x08006f96   0x08006f96   0x00000002   PAD
    0x08006f98   0x08006f98   0x00000060   Code   RO         5121    i.parse_bt_name_cmd  iot_hub.o
    0x08006ff8   0x08006ff8   0x00000070   Code   RO         5122    i.parse_bt_pkg      iot_hub.o
    0x08007068   0x08007068   0x0000005c   Code   RO         5123    i.parse_cell_location_cmd  iot_hub.o
    0x080070c4   0x080070c4   0x0000017c   Code   RO         5816    i.parse_control_cmd  control_interface.o
    0x08007240   0x08007240   0x00000060   Code   RO         5124    i.parse_csq_cmd     iot_hub.o
    0x080072a0   0x080072a0   0x0000001a   Code   RO         5509    i.parse_dev_data    protocol.o
    0x080072ba   0x080072ba   0x00000002   PAD
    0x080072bc   0x080072bc   0x0000031c   Code   RO         5125    i.parse_gnss_cmd    iot_hub.o
    0x080075d8   0x080075d8   0x00000074   Code   RO         5126    i.parse_gnss_pkg    iot_hub.o
    0x0800764c   0x0800764c   0x0000004c   Code   RO         5128    i.parse_imei_cmd    iot_hub.o
    0x08007698   0x08007698   0x0000004c   Code   RO         5129    i.parse_imsi_cmd    iot_hub.o
    0x080076e4   0x080076e4   0x00000050   Code   RO         5685    i.parse_imsi_package  control_app.o
    0x08007734   0x08007734   0x000002fc   Code   RO         5686    i.parse_network_cmd  control_app.o
    0x08007a30   0x08007a30   0x00000084   Code   RO         5131    i.parse_package_type  iot_hub.o
    0x08007ab4   0x08007ab4   0x000000bc   Code   RO         5510    i.protocol_parse    protocol.o
    0x08007b70   0x08007b70   0x000001c4   Code   RO         5511    i.protocol_proc     protocol.o
    0x08007d34   0x08007d34   0x00000058   Code   RO          558    i.prvAddCurrentTaskToDelayedList  tasks.o
    0x08007d8c   0x08007d8c   0x000000b8   Code   RO          559    i.prvAddNewTaskToReadyList  tasks.o
    0x08007e44   0x08007e44   0x00000050   Code   RO         1222    i.prvCheckForValidListAndQueue  timers.o
    0x08007e94   0x08007e94   0x00000058   Code   RO          560    i.prvCheckTasksWaitingTermination  tasks.o
    0x08007eec   0x08007eec   0x00000026   Code   RO         1079    i.prvCopyDataFromQueue  queue.o
    0x08007f12   0x08007f12   0x00000070   Code   RO         1080    i.prvCopyDataToQueue  queue.o
    0x08007f82   0x08007f82   0x00000012   Code   RO          561    i.prvDeleteTCB      tasks.o
    0x08007f94   0x08007f94   0x00000048   Code   RO          922    i.prvHeapInit       heap_4.o
    0x08007fdc   0x08007fdc   0x0000001c   Code   RO          562    i.prvIdleTask       tasks.o
    0x08007ff8   0x08007ff8   0x0000007c   Code   RO          563    i.prvInitialiseNewTask  tasks.o
    0x08008074   0x08008074   0x0000004c   Code   RO          923    i.prvInsertBlockIntoFreeList  heap_4.o
    0x080080c0   0x080080c0   0x00000038   Code   RO         1223    i.prvInsertTimerInActiveList  timers.o
    0x080080f8   0x080080f8   0x0000001c   Code   RO         1081    i.prvIsQueueEmpty   queue.o
    0x08008114   0x08008114   0x000000a8   Code   RO         1224    i.prvProcessReceivedCommands  timers.o
    0x080081bc   0x080081bc   0x0000009c   Code   RO         1225    i.prvProcessTimerOrBlockTask  timers.o
    0x08008258   0x08008258   0x00000020   Code   RO          564    i.prvResetNextTaskUnblockTime  tasks.o
    0x08008278   0x08008278   0x00000028   Code   RO         1226    i.prvSampleTimeNow  timers.o
    0x080082a0   0x080082a0   0x00000060   Code   RO         1227    i.prvSwitchTimerLists  timers.o
    0x08008300   0x08008300   0x00000014   Code   RO          973    i.prvTaskExitError  port.o
    0x08008314   0x08008314   0x0000002c   Code   RO         1228    i.prvTimerTask      timers.o
    0x08008340   0x08008340   0x00000070   Code   RO         1082    i.prvUnlockQueue    queue.o
    0x080083b0   0x080083b0   0x00000038   Code   RO         5132    i.pure_uart1_buf    iot_hub.o
    0x080083e8   0x080083e8   0x00000148   Code   RO         5512    i.push_interval_package_process  protocol.o
    0x08008530   0x08008530   0x000000b0   Code   RO          924    i.pvPortMalloc      heap_4.o
    0x080085e0   0x080085e0   0x00000018   Code   RO          566    i.pvTaskIncrementMutexHeldCount  tasks.o
    0x080085f8   0x080085f8   0x00000020   Code   RO          974    i.pxPortInitialiseStack  port.o
    0x08008618   0x08008618   0x000000a4   Code   RO         6059    i.read_data         bt_app.o
    0x080086bc   0x080086bc   0x00000024   Code   RO         4946    i.read_flash        flash.o
    0x080086e0   0x080086e0   0x00000008   Code   RO         4780    i.reset_system      gpio.o
    0x080086e8   0x080086e8   0x00000050   Code   RO         5133    i.send_bt_rsp_cmd   iot_hub.o
    0x08008738   0x08008738   0x0000008c   Code   RO         5134    i.send_data         iot_hub.o
    0x080087c4   0x080087c4   0x00000014   Code   RO         6060    i.send_error_cmd    bt_app.o
    0x080087d8   0x080087d8   0x0000000a   Code   RO         5136    i.send_gps_gga_cmd  iot_hub.o
    0x080087e2   0x080087e2   0x0000000a   Code   RO         5137    i.send_gps_rmc_cmd  iot_hub.o
    0x080087ec   0x080087ec   0x00000012   Code   RO         6061    i.send_ok_cmd       bt_app.o
    0x080087fe   0x080087fe   0x00000002   PAD
    0x08008800   0x08008800   0x000000f4   Code   RO         5513    i.send_package      protocol.o
    0x080088f4   0x080088f4   0x00000058   Code   RO         5687    i.shake_process     control_app.o
    0x0800894c   0x0800894c   0x00000200   Code   RO         5138    i.split_diff_type   iot_hub.o
    0x08008b4c   0x08008b4c   0x00000032   Code   RO         5514    i.str_convert_hex   protocol.o
    0x08008b7e   0x08008b7e   0x00000002   PAD
    0x08008b80   0x08008b80   0x0000006c   Code   RO         4781    i.tangze_lock_bike  gpio.o
    0x08008bec   0x08008bec   0x0000006c   Code   RO         4782    i.tangze_unlock_bike  gpio.o
    0x08008c58   0x08008c58   0x0000001c   Code   RO         5873    i.test_a_led        factory_test.o
    0x08008c74   0x08008c74   0x0000005c   Code   RO         5874    i.test_adc          factory_test.o
    0x08008cd0   0x08008cd0   0x0000006c   Code   RO         5875    i.test_again_gps    factory_test.o
    0x08008d3c   0x08008d3c   0x0000001c   Code   RO         5876    i.test_b_led        factory_test.o
    0x08008d58   0x08008d58   0x0000001c   Code   RO         5877    i.test_bat_led      factory_test.o
    0x08008d74   0x08008d74   0x0000002c   Code   RO         5878    i.test_bt           factory_test.o
    0x08008da0   0x08008da0   0x0000001c   Code   RO         5879    i.test_cpin         factory_test.o
    0x08008dbc   0x08008dbc   0x0000001c   Code   RO         5880    i.test_dianji_led   factory_test.o
    0x08008dd8   0x08008dd8   0x0000003c   Code   RO         5881    i.test_dianmen      factory_test.o
    0x08008e14   0x08008e14   0x0000000c   Code   RO         5882    i.test_gps          factory_test.o
    0x08008e20   0x08008e20   0x00000040   Code   RO         5883    i.test_gsm          factory_test.o
    0x08008e60   0x08008e60   0x00000014   Code   RO         5884    i.test_hall         factory_test.o
    0x08008e74   0x08008e74   0x00000048   Code   RO         5885    i.test_init         factory_test.o
    0x08008ebc   0x08008ebc   0x00000030   Code   RO         5886    i.test_key          factory_test.o
    0x08008eec   0x08008eec   0x00000014   Code   RO         5887    i.test_off_a_led    factory_test.o
    0x08008f00   0x08008f00   0x00000014   Code   RO         5888    i.test_off_b_led    factory_test.o
    0x08008f14   0x08008f14   0x00000014   Code   RO         5889    i.test_off_bat_led  factory_test.o
    0x08008f28   0x08008f28   0x00000012   Code   RO         5890    i.test_off_dianji_led  factory_test.o
    0x08008f3a   0x08008f3a   0x00000002   PAD
    0x08008f3c   0x08008f3c   0x0000001c   Code   RO         5891    i.test_off_dianmen  factory_test.o
    0x08008f58   0x08008f58   0x00000060   Code   RO         5892    i.test_off_gsen     factory_test.o
    0x08008fb8   0x08008fb8   0x0000005c   Code   RO         5893    i.test_off_hall     factory_test.o
    0x08009014   0x08009014   0x00000060   Code   RO         5894    i.test_off_lundong  factory_test.o
    0x08009074   0x08009074   0x000000c8   Code   RO         5896    i.test_process      factory_test.o
    0x0800913c   0x0800913c   0x00000014   Code   RO         5897    i.test_voice        factory_test.o
    0x08009150   0x08009150   0x00000040   Code   RO         4725    i.uart1_send        usart.o
    0x08009190   0x08009190   0x00000058   Code   RO         4726    i.uart2_process     usart.o
    0x080091e8   0x080091e8   0x00000024   Code   RO         4727    i.uart2_send        usart.o
    0x0800920c   0x0800920c   0x00000158   Code   RO         5515    i.upload_alarm_package  protocol.o
    0x08009364   0x08009364   0x00000058   Code   RO         5516    i.upload_bt_addr_package  protocol.o
    0x080093bc   0x080093bc   0x00000040   Code   RO         5517    i.upload_ebike_data_package  protocol.o
    0x080093fc   0x080093fc   0x0000014c   Code   RO         5518    i.upload_give_back_package  protocol.o
    0x08009548   0x08009548   0x0000017c   Code   RO         5519    i.upload_gps_package  protocol.o
    0x080096c4   0x080096c4   0x00000068   Code   RO         5520    i.upload_hb_package  protocol.o
    0x0800972c   0x0800972c   0x00000064   Code   RO         5521    i.upload_imsi_package  protocol.o
    0x08009790   0x08009790   0x00000068   Code   RO         5523    i.upload_login_package  protocol.o
    0x080097f8   0x080097f8   0x00000060   Code   RO         5524    i.upload_version_package  protocol.o
    0x08009858   0x08009858   0x00000024   Code   RO         1042    i.uxListRemove      list.o
    0x0800987c   0x0800987c   0x00000002   Code   RO          251    i.vApplicationIdleHook  freertos.o
    0x0800987e   0x0800987e   0x00000016   Code   RO         1043    i.vListInitialise   list.o
    0x08009894   0x08009894   0x00000006   Code   RO         1044    i.vListInitialiseItem  list.o
    0x0800989a   0x0800989a   0x00000030   Code   RO         1045    i.vListInsert       list.o
    0x080098ca   0x080098ca   0x00000018   Code   RO         1046    i.vListInsertEnd    list.o
    0x080098e2   0x080098e2   0x00000002   PAD
    0x080098e4   0x080098e4   0x00000018   Code   RO          976    i.vPortEnterCritical  port.o
    0x080098fc   0x080098fc   0x0000001c   Code   RO          977    i.vPortExitCritical  port.o
    0x08009918   0x08009918   0x00000044   Code   RO          925    i.vPortFree         heap_4.o
    0x0800995c   0x0800995c   0x00000020   Code   RO          978    i.vPortSetupTimerInterrupt  port.o
    0x0800997c   0x0800997c   0x00000018   Code   RO          979    i.vPortYield        port.o
    0x08009994   0x08009994   0x00000024   Code   RO         1086    i.vQueueAddToRegistry  queue.o
    0x080099b8   0x080099b8   0x00000044   Code   RO         1089    i.vQueueWaitForMessageRestricted  queue.o
    0x080099fc   0x080099fc   0x00000030   Code   RO          572    i.vTaskDelay        tasks.o
    0x08009a2c   0x08009a2c   0x0000000c   Code   RO          575    i.vTaskMissedYield  tasks.o
    0x08009a38   0x08009a38   0x00000024   Code   RO          577    i.vTaskPlaceOnEventList  tasks.o
    0x08009a5c   0x08009a5c   0x00000030   Code   RO          578    i.vTaskPlaceOnEventListRestricted  tasks.o
    0x08009a8c   0x08009a8c   0x00000064   Code   RO          580    i.vTaskPriorityInherit  tasks.o
    0x08009af0   0x08009af0   0x00000018   Code   RO          583    i.vTaskSetTimeOutState  tasks.o
    0x08009b08   0x08009b08   0x00000054   Code   RO          584    i.vTaskStartScheduler  tasks.o
    0x08009b5c   0x08009b5c   0x00000010   Code   RO          586    i.vTaskSuspendAll   tasks.o
    0x08009b6c   0x08009b6c   0x00000058   Code   RO          587    i.vTaskSwitchContext  tasks.o
    0x08009bc4   0x08009bc4   0x0000000c   Code   RO         4912    i.voice_play        voice.o
    0x08009bd0   0x08009bd0   0x000000a0   Code   RO         4913    i.voice_process     voice.o
    0x08009c70   0x08009c70   0x00000154   Code   RO         4947    i.write_flash       flash.o
    0x08009dc4   0x08009dc4   0x00000030   Code   RO          980    i.xPortStartScheduler  port.o
    0x08009df4   0x08009df4   0x00000024   Code   RO          981    i.xPortSysTickHandler  port.o
    0x08009e18   0x08009e18   0x0000003e   Code   RO         1091    i.xQueueGenericCreate  queue.o
    0x08009e56   0x08009e56   0x0000013a   Code   RO         1092    i.xQueueGenericReceive  queue.o
    0x08009f90   0x08009f90   0x0000006e   Code   RO         1093    i.xQueueGenericReset  queue.o
    0x08009ffe   0x08009ffe   0x0000011e   Code   RO         1094    i.xQueueGenericSend  queue.o
    0x0800a11c   0x0800a11c   0x0000008c   Code   RO         1095    i.xQueueGenericSendFromISR  queue.o
    0x0800a1a8   0x0800a1a8   0x00000054   Code   RO          588    i.xTaskCheckForTimeOut  tasks.o
    0x0800a1fc   0x0800a1fc   0x0000004e   Code   RO          589    i.xTaskCreate       tasks.o
    0x0800a24a   0x0800a24a   0x00000002   PAD
    0x0800a24c   0x0800a24c   0x00000020   Code   RO          593    i.xTaskGetSchedulerState  tasks.o
    0x0800a26c   0x0800a26c   0x0000000c   Code   RO          594    i.xTaskGetTickCount  tasks.o
    0x0800a278   0x0800a278   0x000000bc   Code   RO          596    i.xTaskIncrementTick  tasks.o
    0x0800a334   0x0800a334   0x00000064   Code   RO          599    i.xTaskPriorityDisinherit  tasks.o
    0x0800a398   0x0800a398   0x00000064   Code   RO          600    i.xTaskRemoveFromEventList  tasks.o
    0x0800a3fc   0x0800a3fc   0x000000ac   Code   RO          602    i.xTaskResumeAll    tasks.o
    0x0800a4a8   0x0800a4a8   0x00000040   Code   RO         1232    i.xTimerCreateTimerTask  timers.o
    0x0800a4e8   0x0800a4e8   0x00000050   Code   RO         1233    i.xTimerGenericCommand  timers.o
    0x0800a538   0x0800a538   0x0000008c   Code   RO         5817    i.zt_controller_send  control_interface.o
    0x0800a5c4   0x0800a5c4   0x00000024   Code   RO         5688    i.zt_smart_check_gb_speed  control_app.o
    0x0800a5e8   0x0800a5e8   0x00000014   Code   RO         5689    i.zt_smart_check_hall_is_run  control_app.o
    0x0800a5fc   0x0800a5fc   0x00000014   Code   RO         5690    i.zt_smart_check_lundong_is_run  control_app.o
    0x0800a610   0x0800a610   0x00000158   Code   RO         5898    i.zt_test_result    factory_test.o
    0x0800a768   0x0800a768   0x00000028   Data   RO          292    .constdata          main.o
    0x0800a790   0x0800a790   0x00000010   Data   RO         6138    .constdata          system_stm32f0xx.o
    0x0800a7a0   0x0800a7a0   0x00000008   Data   RO         6139    .constdata          system_stm32f0xx.o
    0x0800a7a8   0x0800a7a8   0x0000000c   Data   RO         6184    .constdata          mc_p.l(mktime.o)
    0x0800a7b4   0x0800a7b4   0x00000081   Data   RO         6551    .constdata          mc_p.l(ctype_o.o)
    0x0800a835   0x0800a835   0x00000003   PAD
    0x0800a838   0x0800a838   0x00000004   Data   RO         6552    .constdata          mc_p.l(ctype_o.o)
    0x0800a83c   0x0800a83c   0x0000000c   Data   RO         6582    .constdata          mc_p.l(localtime_i.o)
    0x0800a848   0x0800a848   0x00000018   Data   RO          293    .conststring        main.o
    0x0800a860   0x0800a860   0x000000dc   Data   RO         5692    .conststring        control_app.o
    0x0800a93c   0x0800a93c   0x00000020   Data   RO         6627    Region$$Table       anon$$obj.o


    Execution Region RW_IRAM1 (Exec base: 0x20000000, Load base: 0x0800a95c, Size: 0x00006cb8, Max: 0x00008000, ABSOLUTE, COMPRESSED[0x00000600])

    Exec Addr    Load Addr    Size         Type   Attr      Idx    E Section Name        Object

    0x20000000   COMPRESSED   0x00000030   Data   RW          294    .data               main.o
    0x20000030   COMPRESSED   0x0000003c   Data   RW          605    .data               tasks.o
    0x2000006c   COMPRESSED   0x00000018   Data   RW          930    .data               heap_4.o
    0x20000084   COMPRESSED   0x00000004   Data   RW          982    .data               port.o
    0x20000088   COMPRESSED   0x00000014   Data   RW         1239    .data               timers.o
    0x2000009c   COMPRESSED   0x00000004   Data   RW         3077    .data               stm32f0xx_hal.o
    0x200000a0   COMPRESSED   0x00000002   Data   RW         4729    .data               usart.o
    0x200000a2   COMPRESSED   0x00000015   Data   RW         4785    .data               gpio.o
    0x200000b7   COMPRESSED   0x00000001   Data   RW         4786    .data               gpio.o
    0x200000b8   COMPRESSED   0x00000001   Data   RW         4787    .data               gpio.o
    0x200000b9   COMPRESSED   0x00000003   PAD
    0x200000bc   COMPRESSED   0x0000000c   Data   RW         4883    .data               exti.o
    0x200000c8   COMPRESSED   0x00000004   Data   RW         4884    .data               exti.o
    0x200000cc   COMPRESSED   0x00000004   Data   RW         4885    .data               exti.o
    0x200000d0   COMPRESSED   0x00000004   Data   RW         4886    .data               exti.o
    0x200000d4   COMPRESSED   0x00000002   Data   RW         4914    .data               voice.o
    0x200000d6   COMPRESSED   0x00000002   PAD
    0x200000d8   COMPRESSED   0x00000008   Data   RW         4949    .data               flash.o
    0x200000e0   COMPRESSED   0x00000001   Data   RW         5015    .data               queen.o
    0x200000e1   COMPRESSED   0x00000003   PAD
    0x200000e4   COMPRESSED   0x0000127c   Data   RW         5141    .data               iot_hub.o
    0x20001360   COMPRESSED   0x00000208   Data   RW         5526    .data               protocol.o
    0x20001568   COMPRESSED   0x00000008   Data   RW         5693    .data               control_app.o
    0x20001570   COMPRESSED   0x00000020   Data   RW         5819    .data               control_interface.o
    0x20001590   COMPRESSED   0x00000274   Data   RW         5899    .data               factory_test.o
    0x20001804   COMPRESSED   0x00000004   Data   RW         6140    .data               system_stm32f0xx.o
    0x20001808   COMPRESSED   0x00000004   Data   RW         6543    .data               mc_p.l(stdout.o)
    0x2000180c   COMPRESSED   0x00000004   Data   RW         6584    .data               mc_p.l(mvars.o)
    0x20001810   COMPRESSED   0x00000004   Data   RW         6585    .data               mc_p.l(mvars.o)
    0x20001814   COMPRESSED   0x00000004   Data   RW         6589    .data               mc_p.l(errno.o)
    0x20001818        -       0x00000368   Zero   RW          290    .bss                main.o
    0x20001b80        -       0x00000044   Zero   RW          291    .bss                main.o
    0x20001bc4        -       0x00000040   Zero   RW          510    .bss                stm32f0xx_hal_timebase_tim.o
    0x20001c04        -       0x000000f0   Zero   RW          604    .bss                tasks.o
    0x20001cf4        -       0x00003a98   Zero   RW          929    .bss                heap_4.o
    0x2000578c        -       0x00000040   Zero   RW         1101    .bss                queue.o
    0x200057cc        -       0x00000028   Zero   RW         1238    .bss                timers.o
    0x200057f4        -       0x00000078   Zero   RW         4728    .bss                usart.o
    0x2000586c        -       0x000000d8   Zero   RW         5011    .bss                queen.o
    0x20005944        -       0x000000d8   Zero   RW         5012    .bss                queen.o
    0x20005a1c   COMPRESSED   0x00000004   PAD
    0x20005a20        -       0x00000c0b   Zero   RW         5139    .bss                iot_hub.o
    0x2000662b   COMPRESSED   0x00000005   PAD
    0x20006630        -       0x00000029   Zero   RW         5525    .bss                protocol.o
    0x20006659   COMPRESSED   0x00000003   PAD
    0x2000665c        -       0x00000048   Zero   RW         5691    .bss                control_app.o
    0x200066a4        -       0x00000010   Zero   RW         5818    .bss                control_interface.o
    0x200066b4   COMPRESSED   0x00000004   PAD
    0x200066b8        -       0x00000200   Zero   RW          542    HEAP                startup_stm32f030xc.o
    0x200068b8        -       0x00000400   Zero   RW          541    STACK               startup_stm32f030xc.o


==============================================================================

Image component sizes


      Code (inc. data)   RO Data    RW Data    ZI Data      Debug   Object Name

       100         26          0          0          0        654   adc.o
       148         62          0          0          0       1276   bluetooth.o
      1150        198          0          0          0       9263   bt_app.o
       106          0          0          0          0       7748   cmsis_os.o
      2482        450        220          8         72      15778   control_app.o
      1548        538          0         32         16       6239   control_interface.o
        96          4          0         24          0       1046   exti.o
      1614        488          0        628          0      14335   factory_test.o
       376         14          0          8          0       2470   flash.o
         2          0          0          0          0        419   freertos.o
       552         68          0         23          0       5445   gpio.o
       392         28          0         24      15000       4295   heap_4.o
      5652       1486          0       4732       3083      33112   iot_hub.o
       136          0          0          0          0       3386   list.o
      1926        320         64         48        940      21629   main.o
       366         56          0          4          0       7443   port.o
      3908        764          0        520         41      18709   protocol.o
       260          0          0          1        432       5374   queen.o
      1306          4          0          0         64      12549   queue.o
        28          8        184          0       1536        600   startup_stm32f030xc.o
        88         18          0          4          0       3060   stm32f0xx_hal.o
      1086         54          0          0          0       7657   stm32f0xx_hal_adc.o
       176          0          0          0          0       1390   stm32f0xx_hal_adc_ex.o
       196         38          0          0          0      10118   stm32f0xx_hal_cortex.o
       498         16          0          0          0       4842   stm32f0xx_hal_dma.o
       374         32          0          0          0       3574   stm32f0xx_hal_gpio.o
      1494         24          0          0          0      11802   stm32f0xx_hal_i2c.o
       146          0          0          0          0       1907   stm32f0xx_hal_i2c_ex.o
       116         20          0          0          0       1719   stm32f0xx_hal_iwdg.o
       652        108          0          0          0       4185   stm32f0xx_hal_msp.o
      1384        104          0          0          0       5630   stm32f0xx_hal_rcc.o
       236         14          0          0          0       1420   stm32f0xx_hal_rcc_ex.o
       914         20          0          0          0       7212   stm32f0xx_hal_rtc.o
       918         26          0          0          0       9657   stm32f0xx_hal_tim.o
        76          0          0          0          0       2370   stm32f0xx_hal_tim_ex.o
       120         22          0          0         64       1456   stm32f0xx_hal_timebase_tim.o
      1702         50          0          0          0      11841   stm32f0xx_hal_uart.o
       132         36          0          0          0     337126   stm32f0xx_it.o
        92         14         24          4          0       1147   system_stm32f0xx.o
      1834        158          0         60        240      22975   tasks.o
       784         76          0         20         40       8695   timers.o
       212         48          0          2        120       3112   usart.o
       198         28          0          2          0       2580   voice.o

    ----------------------------------------------------------------------
     35628       5420        524       6152      21664     637245   Object Totals
         0          0         32          0          0          0   (incl. Generated)
        52          0          0          8         16          0   (incl. Padding)

    ----------------------------------------------------------------------

      Code (inc. data)   RO Data    RW Data    ZI Data      Debug   Library Member Name

        42          0          0          0          0         76   atof.o
        86          0          0          0          0          0   __dczerorl2.o
        30          0          0          0          0         60   _chval.o
        68          0          0          0          0         76   _sgetc.o
       166          0          0          0          0         84   _strtoul.o
        26          0          0          0          0         72   atoi.o
         8          4        133          0          0         60   ctype_o.o
         0          0          0          0          0          0   entry.o
         0          0          0          0          0          0   entry10a.o
         0          0          0          0          0          0   entry11a.o
         8          4          0          0          0          0   entry2.o
         4          0          0          0          0          0   entry5.o
         0          0          0          0          0          0   entry7b.o
         0          0          0          0          0          0   entry8b.o
         8          4          0          0          0          0   entry9a.o
        32         16          0          4          0        180   errno.o
        30          0          0          0          0          0   handlers.o
        40          0          0          0          0         72   idiv.o
        36          8          0          0          0         68   init.o
        18          0          0          0          0         68   isspace_o.o
         0          0          0          0          0          0   iusefp.o
       122          0          0          0          0         84   llmul.o
        32          0          0          0          0         68   llshl.o
        38          0          0          0          0         68   llsshr.o
        34          0          0          0          0         68   llushr.o
       116         12         12          0          0         72   localtime_i.o
       192         20          0          0          0        144   malloc.o
        36          0          0          0          0         60   memcpya.o
        36          0          0          0          0        100   memseta.o
       140         16         12          0          0         72   mktime.o
         0          0          0          8          0          0   mvars.o
      2302        102          0          0          0        556   printfa.o
       898         12          0          0          0        184   scanf_fp.o
         0          0          0          4          0          0   stdout.o
        24          0          0          0          0         60   strcat.o
        28          0          0          0          0         68   strcmp.o
        18          0          0          0          0         60   strcpy.o
        14          0          0          0          0         60   strlen.o
        26          0          0          0          0         68   strncpy.o
        40          0          0          0          0         72   strstr.o
       164         16          0          0          0        120   strtod.o
       112          4          0          0          0         76   strtol.o
        12          0          0          0          0         60   tolower.o
        44          0          0          0          0         72   uidiv.o
        96          0          0          0          0         84   uldiv.o
        20          0          0          0          0         60   uread4.o
        18          0          0          0          0         60   uwrite4.o
        40          2          0          0          0         68   cdcmple.o
        40          2          0          0          0         68   cdrcmple.o
        56          0          0          0          0         68   d2f.o
       356          4          0          0          0        140   dadd.o
       240          6          0          0          0         84   ddiv.o
       236          0          0          0          0        216   depilogue.o
        72         10          0          0          0         72   dfixi.o
        60         10          0          0          0         68   dfixui.o
        64         10          0          0          0         68   dfixul.o
        40          6          0          0          0         68   dflti.o
        28          4          0          0          0         68   dfltui.o
        28          6          0          0          0         68   dfltul.o
       208          6          0          0          0         88   dmul.o
        44          0          0          0          0         72   dscalb.o
        40          0          0          0          0         60   f2d.o
       130          0          0          0          0        144   fepilogue.o
        40          0          0          0          0         60   ffixui.o
        14          0          0          0          0         68   ffltui.o
       122          0          0          0          0         72   fmul.o

    ----------------------------------------------------------------------
      7044        284        160         16          0       4832   Library Totals
        22          0          3          0          0          0   (incl. Padding)

    ----------------------------------------------------------------------

      Code (inc. data)   RO Data    RW Data    ZI Data      Debug   Library Name

        42          0          0          0          0         76   m_ps.l
      5122        218        157         16          0       3136   mc_p.l
      1858         66          0          0          0       1620   mf_p.l

    ----------------------------------------------------------------------
      7044        284        160         16          0       4832   Library Totals

    ----------------------------------------------------------------------

==============================================================================


      Code (inc. data)   RO Data    RW Data    ZI Data      Debug   

     42672       5704        684       6168      21664     624237   Grand Totals
     42672       5704        684       1536      21664     624237   ELF Image Totals (compressed)
     42672       5704        684       1536          0          0   ROM Totals

==============================================================================

    Total RO  Size (Code + RO Data)                43356 (  42.34kB)
    Total RW  Size (RW Data + ZI Data)             27832 (  27.18kB)
    Total ROM Size (Code + RO Data + RW Data)      44892 (  43.84kB)

==============================================================================

